2025-05-30T14:30:37.3069044Z ##[debug]Starting: build-and-deploy
2025-05-30T14:30:37.3090567Z ##[debug]Cleaning runner temp folder: /home/runner/work/_temp
2025-05-30T14:30:37.3194946Z ##[debug]Starting: Set up job
2025-05-30T14:30:37.3196401Z Current runner version: '2.324.0'
2025-05-30T14:30:37.3224087Z ##[group]Operating System
2025-05-30T14:30:37.3224815Z Ubuntu
2025-05-30T14:30:37.3225389Z 24.04.2
2025-05-30T14:30:37.3225892Z LTS
2025-05-30T14:30:37.3226378Z ##[endgroup]
2025-05-30T14:30:37.3226914Z ##[group]Runner Image
2025-05-30T14:30:37.3227452Z Image: ubuntu-24.04
2025-05-30T14:30:37.3227966Z Version: 20250527.1.0
2025-05-30T14:30:37.3228996Z Included Software: https://github.com/actions/runner-images/blob/ubuntu24/20250527.1/images/ubuntu/Ubuntu2404-Readme.md
2025-05-30T14:30:37.3230330Z Image Release: https://github.com/actions/runner-images/releases/tag/ubuntu24%2F20250527.1
2025-05-30T14:30:37.3231257Z ##[endgroup]
2025-05-30T14:30:37.3231811Z ##[group]Runner Image Provisioner
2025-05-30T14:30:37.3232373Z 2.0.437.1
2025-05-30T14:30:37.3232987Z ##[endgroup]
2025-05-30T14:30:37.3234302Z ##[group]GITHUB_TOKEN Permissions
2025-05-30T14:30:37.3236210Z Contents: write
2025-05-30T14:30:37.3236894Z Metadata: read
2025-05-30T14:30:37.3237373Z Pages: write
2025-05-30T14:30:37.3237844Z ##[endgroup]
2025-05-30T14:30:37.3240854Z Secret source: Actions
2025-05-30T14:30:37.3241927Z ##[debug]Primary repository: lonardonifabio/tech_documents
2025-05-30T14:30:37.3242685Z Prepare workflow directory
2025-05-30T14:30:37.3311554Z ##[debug]Creating pipeline directory: '/home/runner/work/tech_documents'
2025-05-30T14:30:37.3315458Z ##[debug]Creating workspace directory: '/home/runner/work/tech_documents/tech_documents'
2025-05-30T14:30:37.3317131Z ##[debug]Update context data
2025-05-30T14:30:37.3320401Z ##[debug]Evaluating job-level environment variables
2025-05-30T14:30:37.3549348Z ##[debug]Evaluating job container
2025-05-30T14:30:37.3553152Z ##[debug]Evaluating job service containers
2025-05-30T14:30:37.3556053Z ##[debug]Evaluating job defaults
2025-05-30T14:30:37.3582529Z Prepare all required actions
2025-05-30T14:30:37.3620946Z Getting action download info
2025-05-30T14:30:37.8399853Z ##[group]Download immutable action package 'actions/checkout@v4'
2025-05-30T14:30:37.8400817Z Version: 4.2.2
2025-05-30T14:30:37.8401940Z Digest: sha256:ccb2698953eaebd21c7bf6268a94f9c26518a7e38e27e0b83c1fe1ad049819b1
2025-05-30T14:30:37.8403097Z Source commit SHA: 11bd71901bbe5b1630ceea73d27597364c9af683
2025-05-30T14:30:37.8403765Z ##[endgroup]
2025-05-30T14:30:37.8435120Z ##[debug]Copied action archive '/opt/actionarchivecache/actions_checkout/11bd71901bbe5b1630ceea73d27597364c9af683.tar.gz' to '/home/runner/work/_actions/_temp_b08a7941-6370-45e2-8436-0130a25b49da/d782d2e3-3e96-4c57-92a2-8079eb36c949.tar.gz'
2025-05-30T14:30:37.9194507Z ##[debug]Unwrap 'actions-checkout-11bd719' to '/home/runner/work/_actions/actions/checkout/v4'
2025-05-30T14:30:37.9328607Z ##[debug]Archive '/home/runner/work/_actions/_temp_b08a7941-6370-45e2-8436-0130a25b49da/d782d2e3-3e96-4c57-92a2-8079eb36c949.tar.gz' has been unzipped into '/home/runner/work/_actions/actions/checkout/v4'.
2025-05-30T14:30:37.9439354Z ##[group]Download immutable action package 'actions/setup-python@v5'
2025-05-30T14:30:37.9440145Z Version: 5.6.0
2025-05-30T14:30:37.9441010Z Digest: sha256:0b35a0c11c97499e4e0576589036d450b9f5f9da74b7774225b3614b57324404
2025-05-30T14:30:37.9441956Z Source commit SHA: a26af69be951a213d495a4c3e4e4022e16d87065
2025-05-30T14:30:37.9442622Z ##[endgroup]
2025-05-30T14:30:38.2790988Z ##[debug]Download 'https://api.github.com/internal/immutable-actions/actions/setup-python/download/sha256:2c4a1cc87f8d42f4ec181fc96fab063830330212bef88dc00f11285a0126fcbb?x-ghcr-actor-id=990262281&x-ghcr-actor-type=repository&x-ghcr-alg=hmac-sha256&x-ghcr-date=2025-05-30T14:30:37Z&x-ghcr-expires=10m0s&x-ghcr-host=ghcr.io&***
2025-05-30T14:30:38.3309539Z ##[debug]Unwrap 'action' to '/home/runner/work/_actions/actions/setup-python/v5'
2025-05-30T14:30:38.3509693Z ##[debug]Archive '/home/runner/work/_actions/_temp_fc8d1228-4334-468f-94e3-12d7521bdd1e/db1c1328-ef43-4ac0-9f58-91b5e17a9a37.tar.gz' has been unzipped into '/home/runner/work/_actions/actions/setup-python/v5'.
2025-05-30T14:30:38.3560720Z ##[group]Download immutable action package 'actions/setup-node@v4'
2025-05-30T14:30:38.3561516Z Version: 4.4.0
2025-05-30T14:30:38.3562221Z Digest: sha256:9427cefe82346e992fb5b949e3569b39d537ae41aa3086483b14eceebfc16bc1
2025-05-30T14:30:38.3563241Z Source commit SHA: 49933ea5288caeca8642d1e84afbd3f7d6820020
2025-05-30T14:30:38.3564127Z ##[endgroup]
2025-05-30T14:30:38.4062372Z ##[debug]Copied action archive '/opt/actionarchivecache/actions_setup-node/49933ea5288caeca8642d1e84afbd3f7d6820020.tar.gz' to '/home/runner/work/_actions/_temp_1bc65d0a-374f-4674-9d4d-5254106dc945/72c98e1a-5267-46e0-9b3f-390b20639b19.tar.gz'
2025-05-30T14:30:38.4667518Z ##[debug]Unwrap 'actions-setup-node-49933ea' to '/home/runner/work/_actions/actions/setup-node/v4'
2025-05-30T14:30:38.4892508Z ##[debug]Archive '/home/runner/work/_actions/_temp_1bc65d0a-374f-4674-9d4d-5254106dc945/72c98e1a-5267-46e0-9b3f-390b20639b19.tar.gz' has been unzipped into '/home/runner/work/_actions/actions/setup-node/v4'.
2025-05-30T14:30:38.4947820Z ##[group]Download immutable action package 'actions/configure-pages@v4'
2025-05-30T14:30:38.4948616Z Version: 4.0.0
2025-05-30T14:30:38.4949395Z Digest: sha256:95f920ee91072a3e9596eff2a708d14f0fefa72b4770cbf7902965dfc6b8de4c
2025-05-30T14:30:38.4950368Z Source commit SHA: 1f0c5cde4bc74cd7e1254d0cb4de8d49e9068c7d
2025-05-30T14:30:38.4951052Z ##[endgroup]
2025-05-30T14:30:38.8030048Z ##[debug]Download 'https://api.github.com/internal/immutable-actions/actions/configure-pages/download/sha256:603a18e8836efbc6527a548a6a2cc002738877fb765bf3ace83b907b753b3878?x-ghcr-actor-id=990262281&x-ghcr-actor-type=repository&x-ghcr-alg=hmac-sha256&x-ghcr-date=2025-05-30T14:30:37Z&x-ghcr-expires=10m0s&x-ghcr-host=ghcr.io&***
2025-05-30T14:30:38.8251941Z ##[debug]Unwrap 'action' to '/home/runner/work/_actions/actions/configure-pages/v4'
2025-05-30T14:30:38.8431479Z ##[debug]Archive '/home/runner/work/_actions/_temp_0bd15eb6-c8af-4588-b0e0-30890ed7f2ea/f74bdb8e-fa8a-489b-96cf-805cb703b118.tar.gz' has been unzipped into '/home/runner/work/_actions/actions/configure-pages/v4'.
2025-05-30T14:30:38.8463110Z ##[group]Download immutable action package 'actions/upload-pages-artifact@v3'
2025-05-30T14:30:38.8465126Z Version: 3.0.1
2025-05-30T14:30:38.8466555Z Digest: sha256:aa65de5e734350e024ca30fe125144b6260e68160e01349fc79f7e321ec35490
2025-05-30T14:30:38.8468675Z Source commit SHA: 56afc609e74202658d3ffba0e8f6dda462b719fa
2025-05-30T14:30:38.8470021Z ##[endgroup]
2025-05-30T14:30:39.1373828Z ##[debug]Download 'https://api.github.com/internal/immutable-actions/actions/upload-pages-artifact/download/sha256:b453bf7666dd3119fa52a42926bd7d9eabf460404d3199b70a5c08330c664bcc?x-ghcr-actor-id=990262281&x-ghcr-actor-type=repository&x-ghcr-alg=hmac-sha256&x-ghcr-date=2025-05-30T14:30:37Z&x-ghcr-expires=10m0s&x-ghcr-host=ghcr.io&***
2025-05-30T14:30:39.1475070Z ##[debug]Unwrap 'action' to '/home/runner/work/_actions/actions/upload-pages-artifact/v3'
2025-05-30T14:30:39.1493026Z ##[debug]Archive '/home/runner/work/_actions/_temp_b6a73c0f-980c-45dc-b67e-0cc0ad6ae160/e38482ab-932a-40f5-a79d-e22524b83c56.tar.gz' has been unzipped into '/home/runner/work/_actions/actions/upload-pages-artifact/v3'.
2025-05-30T14:30:39.1509895Z ##[group]Download immutable action package 'actions/deploy-pages@v4'
2025-05-30T14:30:39.1511556Z Version: 4.0.5
2025-05-30T14:30:39.1513143Z Digest: sha256:6c3db754d8de3353b3b6ae87dfde94a016fd0980c05e9ccc6d9a16a9148b054e
2025-05-30T14:30:39.1515531Z Source commit SHA: d6db90164ac5ed86f2b6aed7e0febac5b3c0c03e
2025-05-30T14:30:39.1517024Z ##[endgroup]
2025-05-30T14:30:39.4685553Z ##[debug]Download 'https://api.github.com/internal/immutable-actions/actions/deploy-pages/download/sha256:d8bbdde09dc69a9a8e1a777947476a005b763afc47f2167b683872bd589b3851?x-ghcr-actor-id=990262281&x-ghcr-actor-type=repository&x-ghcr-alg=hmac-sha256&x-ghcr-date=2025-05-30T14:30:37Z&x-ghcr-expires=10m0s&x-ghcr-host=ghcr.io&***
2025-05-30T14:30:39.5376483Z ##[debug]Unwrap 'action' to '/home/runner/work/_actions/actions/deploy-pages/v4'
2025-05-30T14:30:39.5511543Z ##[debug]Archive '/home/runner/work/_actions/_temp_eb471e17-ceb3-4dd4-9faa-e3a84c6fedf4/57e07fb0-a79d-45b5-b18b-0a498580324f.tar.gz' has been unzipped into '/home/runner/work/_actions/actions/deploy-pages/v4'.
2025-05-30T14:30:39.5555860Z ##[debug]action.yml for action: '/home/runner/work/_actions/actions/checkout/v4/action.yml'.
2025-05-30T14:30:39.6163293Z ##[debug]action.yml for action: '/home/runner/work/_actions/actions/setup-python/v5/action.yml'.
2025-05-30T14:30:39.6254545Z ##[debug]action.yml for action: '/home/runner/work/_actions/actions/setup-node/v4/action.yml'.
2025-05-30T14:30:39.6337887Z ##[debug]action.yml for action: '/home/runner/work/_actions/actions/configure-pages/v4/action.yml'.
2025-05-30T14:30:39.6394283Z ##[debug]action.yml for action: '/home/runner/work/_actions/actions/upload-pages-artifact/v3/action.yml'.
2025-05-30T14:30:39.6541013Z Getting action download info
2025-05-30T14:30:39.8578941Z ##[group]Download immutable action package 'actions/upload-artifact@v4'
2025-05-30T14:30:39.8580322Z Version: 4.6.2
2025-05-30T14:30:39.8581553Z Digest: sha256:290722aa3281d5caf23d0acdc3dbeb3424786a1a01a9cc97e72f147225e37c38
2025-05-30T14:30:39.8583212Z Source commit SHA: ea165f8d65b6e75b540449e92b4886f43607fa02
2025-05-30T14:30:39.8584479Z ##[endgroup]
2025-05-30T14:30:39.8655858Z ##[debug]Copied action archive '/opt/actionarchivecache/actions_upload-artifact/ea165f8d65b6e75b540449e92b4886f43607fa02.tar.gz' to '/home/runner/work/_actions/_temp_2c095cf0-3e7a-485b-9faf-580ad164f057/651ca103-efd0-46a6-81f1-2e77315cf19d.tar.gz'
2025-05-30T14:30:39.9366823Z ##[debug]Unwrap 'actions-upload-artifact-ea165f8' to '/home/runner/work/_actions/actions/upload-artifact/v4'
2025-05-30T14:30:39.9684336Z ##[debug]Archive '/home/runner/work/_actions/_temp_2c095cf0-3e7a-485b-9faf-580ad164f057/651ca103-efd0-46a6-81f1-2e77315cf19d.tar.gz' has been unzipped into '/home/runner/work/_actions/actions/upload-artifact/v4'.
2025-05-30T14:30:39.9749745Z ##[debug]action.yml for action: '/home/runner/work/_actions/actions/upload-artifact/v4/action.yml'.
2025-05-30T14:30:39.9844179Z ##[debug]action.yml for action: '/home/runner/work/_actions/actions/deploy-pages/v4/action.yml'.
2025-05-30T14:30:39.9945743Z ##[debug]Set step '__actions_checkout' display name to: 'Checkout repository'
2025-05-30T14:30:39.9948144Z ##[debug]Set step '__actions_setup-python' display name to: 'Set up Python'
2025-05-30T14:30:39.9949425Z ##[debug]Set step '__run' display name to: 'Install Python dependencies'
2025-05-30T14:30:39.9950576Z ##[debug]Set step '__actions_setup-node' display name to: 'Set up Node.js'
2025-05-30T14:30:39.9951736Z ##[debug]Set step '__run_2' display name to: 'Install Node.js dependencies'
2025-05-30T14:30:39.9952871Z ##[debug]Set step '__run_3' display name to: 'Check documents directory'
2025-05-30T14:30:39.9954193Z ##[debug]Set step '__run_4' display name to: 'Process documents'
2025-05-30T14:30:39.9955376Z ##[debug]Set step '__run_5' display name to: 'Build website'
2025-05-30T14:30:39.9956464Z ##[debug]Set step '__run_6' display name to: 'Commit updated files'
2025-05-30T14:30:39.9957585Z ##[debug]Set step '__actions_configure-pages' display name to: 'Setup Pages'
2025-05-30T14:30:39.9958789Z ##[debug]Set step '__actions_upload-pages-artifact' display name to: 'Upload artifact'
2025-05-30T14:30:39.9959961Z ##[debug]Set step 'deployment' display name to: 'Deploy to GitHub Pages'
2025-05-30T14:30:39.9960474Z Complete job name: build-and-deploy
2025-05-30T14:30:39.9996173Z ##[debug]Collect running processes for tracking orphan processes.
2025-05-30T14:30:40.0207506Z ##[debug]Finishing: Set up job
2025-05-30T14:30:40.0324251Z ##[debug]Evaluating condition for step: 'Checkout repository'
2025-05-30T14:30:40.0359335Z ##[debug]Evaluating: success()
2025-05-30T14:30:40.0364344Z ##[debug]Evaluating success:
2025-05-30T14:30:40.0380136Z ##[debug]=> true
2025-05-30T14:30:40.0386603Z ##[debug]Result: true
2025-05-30T14:30:40.0408405Z ##[debug]Starting: Checkout repository
2025-05-30T14:30:40.0473151Z ##[debug]Register post job cleanup for action: actions/checkout@v4
2025-05-30T14:30:40.0546798Z ##[debug]Loading inputs
2025-05-30T14:30:40.0563145Z ##[debug]Evaluating: secrets.REP
2025-05-30T14:30:40.0564265Z ##[debug]Evaluating Index:
2025-05-30T14:30:40.0566023Z ##[debug]..Evaluating secrets:
2025-05-30T14:30:40.0567040Z ##[debug]..=> Object
2025-05-30T14:30:40.0572159Z ##[debug]..Evaluating String:
2025-05-30T14:30:40.0572869Z ##[debug]..=> 'REP'
2025-05-30T14:30:40.0577729Z ##[debug]=> '***'
2025-05-30T14:30:40.0579418Z ##[debug]Result: '***'
2025-05-30T14:30:40.0584508Z ##[debug]Evaluating: github.repository
2025-05-30T14:30:40.0584926Z ##[debug]Evaluating Index:
2025-05-30T14:30:40.0585272Z ##[debug]..Evaluating github:
2025-05-30T14:30:40.0585627Z ##[debug]..=> Object
2025-05-30T14:30:40.0585970Z ##[debug]..Evaluating String:
2025-05-30T14:30:40.0586322Z ##[debug]..=> 'repository'
2025-05-30T14:30:40.0586815Z ##[debug]=> 'lonardonifabio/tech_documents'
2025-05-30T14:30:40.0587237Z ##[debug]Result: 'lonardonifabio/tech_documents'
2025-05-30T14:30:40.0599323Z ##[debug]Loading env
2025-05-30T14:30:40.0653755Z ##[group]Run actions/checkout@v4
2025-05-30T14:30:40.0654511Z with:
2025-05-30T14:30:40.0654798Z   fetch-depth: 0
2025-05-30T14:30:40.0655247Z   token: ***
2025-05-30T14:30:40.0655573Z   repository: lonardonifabio/tech_documents
2025-05-30T14:30:40.0655942Z   ssh-strict: true
2025-05-30T14:30:40.0656222Z   ssh-user: git
2025-05-30T14:30:40.0656514Z   persist-credentials: true
2025-05-30T14:30:40.0656828Z   clean: true
2025-05-30T14:30:40.0657124Z   sparse-checkout-cone-mode: true
2025-05-30T14:30:40.0657482Z   fetch-tags: false
2025-05-30T14:30:40.0657779Z   show-progress: true
2025-05-30T14:30:40.0658068Z   lfs: false
2025-05-30T14:30:40.0658328Z   submodules: false
2025-05-30T14:30:40.0658623Z   set-safe-directory: true
2025-05-30T14:30:40.0659124Z ##[endgroup]
2025-05-30T14:30:40.3012450Z ##[debug]GITHUB_WORKSPACE = '/home/runner/work/tech_documents/tech_documents'
2025-05-30T14:30:40.3014087Z ##[debug]qualified repository = 'lonardonifabio/tech_documents'
2025-05-30T14:30:40.3014921Z ##[debug]ref = 'refs/heads/main'
2025-05-30T14:30:40.3015515Z ##[debug]commit = '9c159ffff81719a71f82f424bab2406bc12cb6ef'
2025-05-30T14:30:40.3016091Z ##[debug]clean = true
2025-05-30T14:30:40.3016596Z ##[debug]filter = undefined
2025-05-30T14:30:40.3017436Z ##[debug]fetch depth = 0
2025-05-30T14:30:40.3018158Z ##[debug]fetch tags = false
2025-05-30T14:30:40.3018826Z ##[debug]show progress = true
2025-05-30T14:30:40.3019360Z ##[debug]lfs = false
2025-05-30T14:30:40.3019838Z ##[debug]submodules = false
2025-05-30T14:30:40.3020370Z ##[debug]recursive submodules = false
2025-05-30T14:30:40.3020969Z ##[debug]GitHub Host URL = 
2025-05-30T14:30:40.3022095Z ::add-matcher::/home/runner/work/_actions/actions/checkout/v4/dist/problem-matcher.json
2025-05-30T14:30:40.3103231Z ##[debug]Added matchers: 'checkout-git'. Problem matchers scan action output for known warning or error strings and report these inline.
2025-05-30T14:30:40.3108084Z Syncing repository: lonardonifabio/tech_documents
2025-05-30T14:30:40.3109493Z ::group::Getting Git version info
2025-05-30T14:30:40.3110543Z ##[group]Getting Git version info
2025-05-30T14:30:40.3111076Z Working directory is '/home/runner/work/tech_documents/tech_documents'
2025-05-30T14:30:40.3111786Z ##[debug]Getting git version
2025-05-30T14:30:40.3112140Z [command]/usr/bin/git version
2025-05-30T14:30:40.3220919Z git version 2.49.0
2025-05-30T14:30:40.3249468Z ##[debug]0
2025-05-30T14:30:40.3250362Z ##[debug]git version 2.49.0
2025-05-30T14:30:40.3250963Z ##[debug]
2025-05-30T14:30:40.3252518Z ##[debug]Set git useragent to: git/2.49.0 (github-actions-checkout)
2025-05-30T14:30:40.3254085Z ::endgroup::
2025-05-30T14:30:40.3254694Z ##[endgroup]
2025-05-30T14:30:40.3260771Z ::add-mask::***
2025-05-30T14:30:40.3277451Z Temporarily overriding HOME='/home/runner/work/_temp/867b8fcc-c784-432c-9677-a84b07d54ebb' before making global git config changes
2025-05-30T14:30:40.3279388Z Adding repository directory to the temporary git global config as a safe directory
2025-05-30T14:30:40.3284470Z [command]/usr/bin/git config --global --add safe.directory /home/runner/work/tech_documents/tech_documents
2025-05-30T14:30:40.3320328Z ##[debug]0
2025-05-30T14:30:40.3321185Z ##[debug]
2025-05-30T14:30:40.3326419Z Deleting the contents of '/home/runner/work/tech_documents/tech_documents'
2025-05-30T14:30:40.3330440Z ::group::Initializing the repository
2025-05-30T14:30:40.3331157Z ##[group]Initializing the repository
2025-05-30T14:30:40.3335736Z [command]/usr/bin/git init /home/runner/work/tech_documents/tech_documents
2025-05-30T14:30:40.3409704Z hint: Using 'master' as the name for the initial branch. This default branch name
2025-05-30T14:30:40.3410904Z hint: is subject to change. To configure the initial branch name to use in all
2025-05-30T14:30:40.3411931Z hint: of your new repositories, which will suppress this warning, call:
2025-05-30T14:30:40.3412571Z hint:
2025-05-30T14:30:40.3412984Z hint: 	git config --global init.defaultBranch <name>
2025-05-30T14:30:40.3413430Z hint:
2025-05-30T14:30:40.3413826Z hint: Names commonly chosen instead of 'master' are 'main', 'trunk' and
2025-05-30T14:30:40.3414641Z hint: 'development'. The just-created branch can be renamed via this command:
2025-05-30T14:30:40.3415109Z hint:
2025-05-30T14:30:40.3415393Z hint: 	git branch -m <name>
2025-05-30T14:30:40.3418407Z Initialized empty Git repository in /home/runner/work/tech_documents/tech_documents/.git/
2025-05-30T14:30:40.3425473Z ##[debug]0
2025-05-30T14:30:40.3426699Z ##[debug]Initialized empty Git repository in /home/runner/work/tech_documents/tech_documents/.git/
2025-05-30T14:30:40.3427610Z ##[debug]
2025-05-30T14:30:40.3432124Z [command]/usr/bin/git remote add origin https://github.com/lonardonifabio/tech_documents
2025-05-30T14:30:40.3469379Z ##[debug]0
2025-05-30T14:30:40.3470333Z ##[debug]
2025-05-30T14:30:40.3471311Z ::endgroup::
2025-05-30T14:30:40.3471767Z ##[endgroup]
2025-05-30T14:30:40.3472600Z ::group::Disabling automatic garbage collection
2025-05-30T14:30:40.3473346Z ##[group]Disabling automatic garbage collection
2025-05-30T14:30:40.3476107Z [command]/usr/bin/git config --local gc.auto 0
2025-05-30T14:30:40.3505476Z ##[debug]0
2025-05-30T14:30:40.3506309Z ##[debug]
2025-05-30T14:30:40.3507098Z ::endgroup::
2025-05-30T14:30:40.3507581Z ##[endgroup]
2025-05-30T14:30:40.3508409Z ::group::Setting up auth
2025-05-30T14:30:40.3509119Z ##[group]Setting up auth
2025-05-30T14:30:40.3515219Z [command]/usr/bin/git config --local --name-only --get-regexp core\.sshCommand
2025-05-30T14:30:40.3539886Z ##[debug]1
2025-05-30T14:30:40.3540776Z ##[debug]
2025-05-30T14:30:40.3546627Z [command]/usr/bin/git submodule foreach --recursive sh -c "git config --local --name-only --get-regexp 'core\.sshCommand' && git config --local --unset-all 'core.sshCommand' || :"
2025-05-30T14:30:40.3887237Z ##[debug]0
2025-05-30T14:30:40.3888116Z ##[debug]
2025-05-30T14:30:40.3895856Z [command]/usr/bin/git config --local --name-only --get-regexp http\.https\:\/\/github\.com\/\.extraheader
2025-05-30T14:30:40.3925483Z ##[debug]1
2025-05-30T14:30:40.3926321Z ##[debug]
2025-05-30T14:30:40.3931821Z [command]/usr/bin/git submodule foreach --recursive sh -c "git config --local --name-only --get-regexp 'http\.https\:\/\/github\.com\/\.extraheader' && git config --local --unset-all 'http.https://github.com/.extraheader' || :"
2025-05-30T14:30:40.4179677Z ##[debug]0
2025-05-30T14:30:40.4180532Z ##[debug]
2025-05-30T14:30:40.4192443Z [command]/usr/bin/git config --local http.https://github.com/.extraheader AUTHORIZATION: basic ***
2025-05-30T14:30:40.4236009Z ##[debug]0
2025-05-30T14:30:40.4239340Z ##[debug]
2025-05-30T14:30:40.4249991Z ::endgroup::
2025-05-30T14:30:40.4250638Z ##[endgroup]
2025-05-30T14:30:40.4251632Z ::group::Fetching the repository
2025-05-30T14:30:40.4252386Z ##[group]Fetching the repository
2025-05-30T14:30:40.4264174Z [command]/usr/bin/git -c protocol.version=2 fetch --prune --no-recurse-submodules origin +refs/heads/*:refs/remotes/origin/* +refs/tags/*:refs/tags/*
2025-05-30T14:30:57.2323033Z From https://github.com/lonardonifabio/tech_documents
2025-05-30T14:30:57.2323480Z  * [new branch]      main       -> origin/main
2025-05-30T14:30:57.2350565Z ##[debug]0
2025-05-30T14:30:57.2351049Z ##[debug]
2025-05-30T14:30:57.2359810Z [command]/usr/bin/git branch --list --remote origin/main
2025-05-30T14:30:57.2387291Z   origin/main
2025-05-30T14:30:57.2394993Z ##[debug]0
2025-05-30T14:30:57.2395600Z ##[debug]  origin/main
2025-05-30T14:30:57.2395801Z ##[debug]
2025-05-30T14:30:57.2400831Z [command]/usr/bin/git rev-parse refs/remotes/origin/main
2025-05-30T14:30:57.2422842Z 89e726e8121a4297006290662dd70fa8228e0c15
2025-05-30T14:30:57.2429693Z ##[debug]0
2025-05-30T14:30:57.2430469Z ##[debug]89e726e8121a4297006290662dd70fa8228e0c15
2025-05-30T14:30:57.2430914Z ##[debug]
2025-05-30T14:30:57.2438843Z [command]/usr/bin/git -c protocol.version=2 fetch --no-tags --prune --no-recurse-submodules origin +9c159ffff81719a71f82f424bab2406bc12cb6ef:refs/remotes/origin/main
2025-05-30T14:30:57.6011466Z From https://github.com/lonardonifabio/tech_documents
2025-05-30T14:30:57.6012470Z  + 89e726e...9c159ff 9c159ffff81719a71f82f424bab2406bc12cb6ef -> origin/main  (forced update)
2025-05-30T14:30:57.6062190Z ##[debug]0
2025-05-30T14:30:57.6062583Z ##[debug]
2025-05-30T14:30:57.6062907Z ::endgroup::
2025-05-30T14:30:57.6063154Z ##[endgroup]
2025-05-30T14:30:57.6063777Z ::group::Determining the checkout info
2025-05-30T14:30:57.6064503Z ##[group]Determining the checkout info
2025-05-30T14:30:57.6065296Z ::endgroup::
2025-05-30T14:30:57.6065614Z ##[endgroup]
2025-05-30T14:30:57.6071663Z [command]/usr/bin/git sparse-checkout disable
2025-05-30T14:30:57.6109103Z ##[debug]0
2025-05-30T14:30:57.6109686Z ##[debug]
2025-05-30T14:30:57.6114534Z [command]/usr/bin/git config --local --unset-all extensions.worktreeConfig
2025-05-30T14:30:57.6142552Z ##[debug]0
2025-05-30T14:30:57.6143804Z ##[debug]
2025-05-30T14:30:57.6144605Z ::group::Checking out the ref
2025-05-30T14:30:57.6145011Z ##[group]Checking out the ref
2025-05-30T14:30:57.6148366Z [command]/usr/bin/git checkout --progress --force -B main refs/remotes/origin/main
2025-05-30T14:30:58.4660203Z Switched to a new branch 'main'
2025-05-30T14:30:58.4661599Z branch 'main' set up to track 'origin/main'.
2025-05-30T14:30:58.4713742Z ##[debug]0
2025-05-30T14:30:58.4714673Z ##[debug]branch 'main' set up to track 'origin/main'.
2025-05-30T14:30:58.4715181Z ##[debug]
2025-05-30T14:30:58.4715707Z ::endgroup::
2025-05-30T14:30:58.4715998Z ##[endgroup]
2025-05-30T14:30:58.4755009Z ##[debug]0
2025-05-30T14:30:58.4756250Z ##[debug]commit 9c159ffff81719a71f82f424bab2406bc12cb6ef
2025-05-30T14:30:58.4756820Z ##[debug]Author: GitHub Actions <actions@github.com>
2025-05-30T14:30:58.4757312Z ##[debug]Date:   Fri May 30 16:29:07 2025 +0200
2025-05-30T14:30:58.4757720Z ##[debug]
2025-05-30T14:30:58.4758134Z ##[debug]    Switch to fallback processor and clean up build artifacts
2025-05-30T14:30:58.4758691Z ##[debug]    
2025-05-30T14:30:58.4759207Z ##[debug]    - Replace ollama_processor with fallback_processor in CI workflow
2025-05-30T14:30:58.4759972Z ##[debug]    - Remove obsolete dist files and reorganize build structure
2025-05-30T14:30:58.4760637Z ##[debug]    - Update documents.json with processed content
2025-05-30T14:30:58.4761270Z ##[debug]    - Add new fallback processor script and requirements
2025-05-30T14:30:58.4761788Z ##[debug]
2025-05-30T14:30:58.4762222Z [command]/usr/bin/git log -1 --format=%H
2025-05-30T14:30:58.4785992Z 9c159ffff81719a71f82f424bab2406bc12cb6ef
2025-05-30T14:30:58.4790568Z ##[debug]0
2025-05-30T14:30:58.4791814Z ##[debug]9c159ffff81719a71f82f424bab2406bc12cb6ef
2025-05-30T14:30:58.4792294Z ##[debug]
2025-05-30T14:30:58.4797953Z ##[debug]Unsetting HOME override
2025-05-30T14:30:58.4807175Z ::remove-matcher owner=checkout-git::
2025-05-30T14:30:58.4822072Z ##[debug]Removed matchers: 'checkout-git'
2025-05-30T14:30:58.4872806Z ##[debug]Node Action run completed with exit code 0
2025-05-30T14:30:58.4906077Z ##[debug]Save intra-action state isPost = true
2025-05-30T14:30:58.4906493Z ##[debug]Save intra-action state setSafeDirectory = true
2025-05-30T14:30:58.4906975Z ##[debug]Save intra-action state repositoryPath = /home/runner/work/tech_documents/tech_documents
2025-05-30T14:30:58.4910661Z ##[debug]Set output commit = 9c159ffff81719a71f82f424bab2406bc12cb6ef
2025-05-30T14:30:58.4911295Z ##[debug]Set output ref = refs/heads/main
2025-05-30T14:30:58.4916377Z ##[debug]Finishing: Checkout repository
2025-05-30T14:30:58.4927557Z ##[debug]Evaluating condition for step: 'Set up Python'
2025-05-30T14:30:58.4931113Z ##[debug]Evaluating: success()
2025-05-30T14:30:58.4931478Z ##[debug]Evaluating success:
2025-05-30T14:30:58.4932011Z ##[debug]=> true
2025-05-30T14:30:58.4932390Z ##[debug]Result: true
2025-05-30T14:30:58.4933161Z ##[debug]Starting: Set up Python
2025-05-30T14:30:58.4965149Z ##[debug]Register post job cleanup for action: actions/setup-python@v5
2025-05-30T14:30:58.4978173Z ##[debug]Loading inputs
2025-05-30T14:30:58.4987407Z ##[debug]Evaluating: (((github.server_url == 'https://github.com') && github.token) || '')
2025-05-30T14:30:58.4987888Z ##[debug]Evaluating Or:
2025-05-30T14:30:58.4990098Z ##[debug]..Evaluating And:
2025-05-30T14:30:58.4991847Z ##[debug]....Evaluating Equal:
2025-05-30T14:30:58.4992851Z ##[debug]......Evaluating Index:
2025-05-30T14:30:58.4993110Z ##[debug]........Evaluating github:
2025-05-30T14:30:58.4993388Z ##[debug]........=> Object
2025-05-30T14:30:58.4993676Z ##[debug]........Evaluating String:
2025-05-30T14:30:58.4994143Z ##[debug]........=> 'server_url'
2025-05-30T14:30:58.4994531Z ##[debug]......=> 'https://github.com'
2025-05-30T14:30:58.4994820Z ##[debug]......Evaluating String:
2025-05-30T14:30:58.4995070Z ##[debug]......=> 'https://github.com'
2025-05-30T14:30:58.4998066Z ##[debug]....=> true
2025-05-30T14:30:58.4998475Z ##[debug]....Evaluating Index:
2025-05-30T14:30:58.4998744Z ##[debug]......Evaluating github:
2025-05-30T14:30:58.4998997Z ##[debug]......=> Object
2025-05-30T14:30:58.4999241Z ##[debug]......Evaluating String:
2025-05-30T14:30:58.4999465Z ##[debug]......=> 'token'
2025-05-30T14:30:58.4999955Z ##[debug]....=> '***'
2025-05-30T14:30:58.5000294Z ##[debug]..=> '***'
2025-05-30T14:30:58.5000805Z ##[debug]=> '***'
2025-05-30T14:30:58.5005979Z ##[debug]Expanded: ((('https://github.com' == 'https://github.com') && '***') || '')
2025-05-30T14:30:58.5006476Z ##[debug]Result: '***'
2025-05-30T14:30:58.5009967Z ##[debug]Loading env
2025-05-30T14:30:58.5014282Z ##[group]Run actions/setup-python@v5
2025-05-30T14:30:58.5014524Z with:
2025-05-30T14:30:58.5014706Z   python-version: 3.9
2025-05-30T14:30:58.5014905Z   check-latest: false
2025-05-30T14:30:58.5015206Z   token: ***
2025-05-30T14:30:58.5015396Z   update-environment: true
2025-05-30T14:30:58.5015615Z   allow-prereleases: false
2025-05-30T14:30:58.5015822Z   freethreaded: false
2025-05-30T14:30:58.5016009Z ##[endgroup]
2025-05-30T14:30:58.6697516Z ##[debug]Python is expected to be installed into /opt/hostedtoolcache
2025-05-30T14:30:58.6700441Z ::group::Installed versions
2025-05-30T14:30:58.6700913Z ##[group]Installed versions
2025-05-30T14:30:58.6707480Z ##[debug]Semantic version spec of 3.9 is 3.9
2025-05-30T14:30:58.6709473Z ##[debug]isExplicit: 
2025-05-30T14:30:58.6710231Z ##[debug]explicit? false
2025-05-30T14:30:58.6715723Z ##[debug]isExplicit: 3.10.17
2025-05-30T14:30:58.6716460Z ##[debug]explicit? true
2025-05-30T14:30:58.6717151Z ##[debug]isExplicit: 3.11.12
2025-05-30T14:30:58.6717749Z ##[debug]explicit? true
2025-05-30T14:30:58.6718590Z ##[debug]isExplicit: 3.12.10
2025-05-30T14:30:58.6719311Z ##[debug]explicit? true
2025-05-30T14:30:58.6719997Z ##[debug]isExplicit: 3.13.3
2025-05-30T14:30:58.6720703Z ##[debug]explicit? true
2025-05-30T14:30:58.6721386Z ##[debug]isExplicit: 3.9.22
2025-05-30T14:30:58.6722329Z ##[debug]explicit? true
2025-05-30T14:30:58.6723701Z ##[debug]evaluating 5 versions
2025-05-30T14:30:58.6748855Z ##[debug]matched: 3.9.22
2025-05-30T14:30:58.6750106Z ##[debug]checking cache: /opt/hostedtoolcache/Python/3.9.22/x64
2025-05-30T14:30:58.6751097Z ##[debug]Found tool in cache Python 3.9.22 x64
2025-05-30T14:30:58.6765921Z Successfully set up CPython (3.9.22)
2025-05-30T14:30:58.6766584Z ::endgroup::
2025-05-30T14:30:58.6766942Z ##[endgroup]
2025-05-30T14:30:58.6776918Z ##[add-matcher]/home/runner/work/_actions/actions/setup-python/v5/.github/python.json
2025-05-30T14:30:58.6790451Z ##[debug]Added matchers: 'python'. Problem matchers scan action output for known warning or error strings and report these inline.
2025-05-30T14:30:58.6831729Z ##[debug]Node Action run completed with exit code 0
2025-05-30T14:30:58.6839861Z ##[debug]pythonLocation='/opt/hostedtoolcache/Python/3.9.22/x64'
2025-05-30T14:30:58.6840492Z ##[debug]PKG_CONFIG_PATH='/opt/hostedtoolcache/Python/3.9.22/x64/lib/pkgconfig'
2025-05-30T14:30:58.6840994Z ##[debug]pythonLocation='/opt/hostedtoolcache/Python/3.9.22/x64'
2025-05-30T14:30:58.6841428Z ##[debug]Python_ROOT_DIR='/opt/hostedtoolcache/Python/3.9.22/x64'
2025-05-30T14:30:58.6841851Z ##[debug]Python2_ROOT_DIR='/opt/hostedtoolcache/Python/3.9.22/x64'
2025-05-30T14:30:58.6842250Z ##[debug]Python3_ROOT_DIR='/opt/hostedtoolcache/Python/3.9.22/x64'
2025-05-30T14:30:58.6842680Z ##[debug]PKG_CONFIG_PATH='/opt/hostedtoolcache/Python/3.9.22/x64/lib/pkgconfig'
2025-05-30T14:30:58.6843147Z ##[debug]LD_LIBRARY_PATH='/opt/hostedtoolcache/Python/3.9.22/x64/lib'
2025-05-30T14:30:58.6846830Z ##[debug]Set output python-version = 3.9.22
2025-05-30T14:30:58.6847276Z ##[debug]Set output python-path = /opt/hostedtoolcache/Python/3.9.22/x64/bin/python
2025-05-30T14:30:58.6848118Z ##[debug]Finishing: Set up Python
2025-05-30T14:30:58.6855358Z ##[debug]Evaluating condition for step: 'Install Python dependencies'
2025-05-30T14:30:58.6856966Z ##[debug]Evaluating: success()
2025-05-30T14:30:58.6857300Z ##[debug]Evaluating success:
2025-05-30T14:30:58.6857683Z ##[debug]=> true
2025-05-30T14:30:58.6858004Z ##[debug]Result: true
2025-05-30T14:30:58.6858551Z ##[debug]Starting: Install Python dependencies
2025-05-30T14:30:58.6868488Z ##[debug]Loading inputs
2025-05-30T14:30:58.6869435Z ##[debug]Loading env
2025-05-30T14:30:58.6887423Z ##[group]Run python -m pip install --upgrade pip
2025-05-30T14:30:58.6887807Z [36;1mpython -m pip install --upgrade pip[0m
2025-05-30T14:30:58.6888137Z [36;1mpip install -r scripts/requirements.txt[0m
2025-05-30T14:30:58.6961344Z shell: /usr/bin/bash -e {0}
2025-05-30T14:30:58.6961587Z env:
2025-05-30T14:30:58.6961838Z   pythonLocation: /opt/hostedtoolcache/Python/3.9.22/x64
2025-05-30T14:30:58.6962241Z   PKG_CONFIG_PATH: /opt/hostedtoolcache/Python/3.9.22/x64/lib/pkgconfig
2025-05-30T14:30:58.6962682Z   Python_ROOT_DIR: /opt/hostedtoolcache/Python/3.9.22/x64
2025-05-30T14:30:58.6963032Z   Python2_ROOT_DIR: /opt/hostedtoolcache/Python/3.9.22/x64
2025-05-30T14:30:58.6963387Z   Python3_ROOT_DIR: /opt/hostedtoolcache/Python/3.9.22/x64
2025-05-30T14:30:58.6963745Z   LD_LIBRARY_PATH: /opt/hostedtoolcache/Python/3.9.22/x64/lib
2025-05-30T14:30:58.6964231Z ##[endgroup]
2025-05-30T14:30:58.7036879Z ##[debug]/usr/bin/bash -e /home/runner/work/_temp/1992298b-94eb-4c87-ae6d-e8c4949aa316.sh
2025-05-30T14:31:01.3130315Z Requirement already satisfied: pip in /opt/hostedtoolcache/Python/3.9.22/x64/lib/python3.9/site-packages (25.1.1)
2025-05-30T14:31:02.4103343Z Collecting PyPDF2==3.0.1 (from -r scripts/requirements.txt (line 1))
2025-05-30T14:31:02.4534985Z   Downloading pypdf2-3.0.1-py3-none-any.whl.metadata (6.8 kB)
2025-05-30T14:31:02.4883453Z Collecting typing_extensions>=3.10.0.0 (from PyPDF2==3.0.1->-r scripts/requirements.txt (line 1))
2025-05-30T14:31:02.4993088Z   Downloading typing_extensions-4.13.2-py3-none-any.whl.metadata (3.0 kB)
2025-05-30T14:31:02.5155919Z Downloading pypdf2-3.0.1-py3-none-any.whl (232 kB)
2025-05-30T14:31:02.5502923Z Downloading typing_extensions-4.13.2-py3-none-any.whl (45 kB)
2025-05-30T14:31:02.5732575Z Installing collected packages: typing_extensions, PyPDF2
2025-05-30T14:31:02.7663735Z 
2025-05-30T14:31:02.7682258Z Successfully installed PyPDF2-3.0.1 typing_extensions-4.13.2
2025-05-30T14:31:02.8108910Z ##[debug]Finishing: Install Python dependencies
2025-05-30T14:31:02.8117245Z ##[debug]Evaluating condition for step: 'Set up Node.js'
2025-05-30T14:31:02.8118852Z ##[debug]Evaluating: success()
2025-05-30T14:31:02.8119245Z ##[debug]Evaluating success:
2025-05-30T14:31:02.8119613Z ##[debug]=> true
2025-05-30T14:31:02.8119915Z ##[debug]Result: true
2025-05-30T14:31:02.8120421Z ##[debug]Starting: Set up Node.js
2025-05-30T14:31:02.8134681Z ##[debug]Register post job cleanup for action: actions/setup-node@v4
2025-05-30T14:31:02.8143711Z ##[debug]Loading inputs
2025-05-30T14:31:02.8148129Z ##[debug]Evaluating: (((github.server_url == 'https://github.com') && github.token) || '')
2025-05-30T14:31:02.8148548Z ##[debug]Evaluating Or:
2025-05-30T14:31:02.8148777Z ##[debug]..Evaluating And:
2025-05-30T14:31:02.8149001Z ##[debug]....Evaluating Equal:
2025-05-30T14:31:02.8149255Z ##[debug]......Evaluating Index:
2025-05-30T14:31:02.8149489Z ##[debug]........Evaluating github:
2025-05-30T14:31:02.8149759Z ##[debug]........=> Object
2025-05-30T14:31:02.8150030Z ##[debug]........Evaluating String:
2025-05-30T14:31:02.8150278Z ##[debug]........=> 'server_url'
2025-05-30T14:31:02.8150575Z ##[debug]......=> 'https://github.com'
2025-05-30T14:31:02.8150851Z ##[debug]......Evaluating String:
2025-05-30T14:31:02.8151098Z ##[debug]......=> 'https://github.com'
2025-05-30T14:31:02.8151349Z ##[debug]....=> true
2025-05-30T14:31:02.8151548Z ##[debug]....Evaluating Index:
2025-05-30T14:31:02.8151782Z ##[debug]......Evaluating github:
2025-05-30T14:31:02.8152011Z ##[debug]......=> Object
2025-05-30T14:31:02.8152237Z ##[debug]......Evaluating String:
2025-05-30T14:31:02.8152469Z ##[debug]......=> 'token'
2025-05-30T14:31:02.8153024Z ##[debug]....=> '***'
2025-05-30T14:31:02.8153336Z ##[debug]..=> '***'
2025-05-30T14:31:02.8153604Z ##[debug]=> '***'
2025-05-30T14:31:02.8154407Z ##[debug]Expanded: ((('https://github.com' == 'https://github.com') && '***') || '')
2025-05-30T14:31:02.8154881Z ##[debug]Result: '***'
2025-05-30T14:31:02.8156440Z ##[debug]Loading env
2025-05-30T14:31:02.8159840Z ##[group]Run actions/setup-node@v4
2025-05-30T14:31:02.8160059Z with:
2025-05-30T14:31:02.8160227Z   node-version: 18
2025-05-30T14:31:02.8160408Z   cache: npm
2025-05-30T14:31:02.8160608Z   cache-dependency-path: package-lock.json
2025-05-30T14:31:02.8160863Z   always-auth: false
2025-05-30T14:31:02.8161054Z   check-latest: false
2025-05-30T14:31:02.8161317Z   token: ***
2025-05-30T14:31:02.8161484Z env:
2025-05-30T14:31:02.8161712Z   pythonLocation: /opt/hostedtoolcache/Python/3.9.22/x64
2025-05-30T14:31:02.8162100Z   PKG_CONFIG_PATH: /opt/hostedtoolcache/Python/3.9.22/x64/lib/pkgconfig
2025-05-30T14:31:02.8162468Z   Python_ROOT_DIR: /opt/hostedtoolcache/Python/3.9.22/x64
2025-05-30T14:31:02.8162800Z   Python2_ROOT_DIR: /opt/hostedtoolcache/Python/3.9.22/x64
2025-05-30T14:31:02.8163135Z   Python3_ROOT_DIR: /opt/hostedtoolcache/Python/3.9.22/x64
2025-05-30T14:31:02.8163469Z   LD_LIBRARY_PATH: /opt/hostedtoolcache/Python/3.9.22/x64/lib
2025-05-30T14:31:02.8163753Z ##[endgroup]
2025-05-30T14:31:02.9839889Z ##[debug]isExplicit: 
2025-05-30T14:31:02.9840546Z ##[debug]explicit? false
2025-05-30T14:31:02.9846056Z ##[debug]isExplicit: 18.20.8
2025-05-30T14:31:02.9846758Z ##[debug]explicit? true
2025-05-30T14:31:02.9847608Z ##[debug]isExplicit: 20.19.2
2025-05-30T14:31:02.9848281Z ##[debug]explicit? true
2025-05-30T14:31:02.9848686Z ##[debug]isExplicit: 22.16.0
2025-05-30T14:31:02.9849190Z ##[debug]explicit? true
2025-05-30T14:31:02.9849847Z ##[debug]evaluating 3 versions
2025-05-30T14:31:02.9874173Z ##[debug]matched: 18.20.8
2025-05-30T14:31:02.9874969Z ##[debug]checking cache: /opt/hostedtoolcache/node/18.20.8/x64
2025-05-30T14:31:02.9875574Z ##[debug]Found tool in cache node 18.20.8 x64
2025-05-30T14:31:02.9876066Z Found in cache @ /opt/hostedtoolcache/node/18.20.8/x64
2025-05-30T14:31:02.9882058Z ::group::Environment details
2025-05-30T14:31:02.9882855Z ##[group]Environment details
2025-05-30T14:31:05.1470019Z node: v18.20.8
2025-05-30T14:31:05.1470392Z npm: 10.8.2
2025-05-30T14:31:05.1470808Z yarn: 1.22.22
2025-05-30T14:31:05.1471772Z ::endgroup::
2025-05-30T14:31:05.1472005Z ##[endgroup]
2025-05-30T14:31:05.1501045Z [command]/opt/hostedtoolcache/node/18.20.8/x64/bin/npm config get cache
2025-05-30T14:31:05.4731582Z /home/runner/.npm
2025-05-30T14:31:05.4801943Z ##[debug]npm's cache folder "/home/runner/.npm" configured for the root directory
2025-05-30T14:31:05.4806749Z ##[debug]followSymbolicLinks 'true'
2025-05-30T14:31:05.4832467Z ##[debug]followSymbolicLinks 'true'
2025-05-30T14:31:05.4833009Z ##[debug]implicitDescendants 'true'
2025-05-30T14:31:05.4833408Z ##[debug]matchDirectories 'true'
2025-05-30T14:31:05.4833794Z ##[debug]omitBrokenSymbolicLinks 'true'
2025-05-30T14:31:05.4834459Z ##[debug]excludeHiddenFiles 'false'
2025-05-30T14:31:05.4839822Z ##[debug]Search path '/home/runner/work/tech_documents/tech_documents/package-lock.json'
2025-05-30T14:31:05.4848037Z ##[debug]/home/runner/work/tech_documents/tech_documents/package-lock.json
2025-05-30T14:31:05.4900792Z ##[debug]Found 1 files to hash.
2025-05-30T14:31:05.4902008Z ##[debug]primary key is node-cache-Linux-x64-npm-f218619d9afa6b064df9f241ae82b1840ce9e9973765f046580521460a117c14
2025-05-30T14:31:05.4904803Z ##[debug]Cache service version: v2
2025-05-30T14:31:05.4907686Z ##[debug]Resolved Keys:
2025-05-30T14:31:05.4908722Z ##[debug]["node-cache-Linux-x64-npm-f218619d9afa6b064df9f241ae82b1840ce9e9973765f046580521460a117c14"]
2025-05-30T14:31:05.4912741Z ##[debug]Checking zstd --quiet --version
2025-05-30T14:31:05.4987676Z ##[debug]1.5.7
2025-05-30T14:31:05.4991014Z ##[debug]zstd version: 1.5.7
2025-05-30T14:31:05.5000535Z ##[debug][Request] GetCacheEntryDownloadURL https://results-receiver.actions.githubusercontent.com/twirp/github.actions.results.api.v1.CacheService/GetCacheEntryDownloadURL
2025-05-30T14:31:05.7165385Z ##[debug][Response] - 200
2025-05-30T14:31:05.7168004Z ##[debug]Headers: {
2025-05-30T14:31:05.7168372Z ##[debug]  "content-length": "54",
2025-05-30T14:31:05.7168855Z ##[debug]  "content-type": "application/json",
2025-05-30T14:31:05.7169388Z ##[debug]  "date": "Fri, 30 May 2025 14:31:05 GMT",
2025-05-30T14:31:05.7169907Z ##[debug]  "x-github-backend": "Kubernetes",
2025-05-30T14:31:05.7170475Z ##[debug]  "x-github-request-id": "E8EB:36C8EF:48BD1:5641C:6839C129"
2025-05-30T14:31:05.7171047Z ##[debug]}
2025-05-30T14:31:05.7171596Z ##[debug]Body: {
2025-05-30T14:31:05.7171915Z ##[debug]  "ok": false,
2025-05-30T14:31:05.7172284Z ##[debug]  "signed_download_url": "",
2025-05-30T14:31:05.7172698Z ##[debug]  "matched_key": ""
2025-05-30T14:31:05.7173063Z ##[debug]}
2025-05-30T14:31:05.7177917Z ##[debug]Cache not found for version 04d00cc68e25ee34fd8b04095d0a46a28244d98af53e6925e47ed311d487b1d6 of keys: node-cache-Linux-x64-npm-f218619d9afa6b064df9f241ae82b1840ce9e9973765f046580521460a117c14
2025-05-30T14:31:05.7179410Z npm cache is not found
2025-05-30T14:31:05.7181211Z ##[add-matcher]/home/runner/work/_actions/actions/setup-node/v4/.github/tsc.json
2025-05-30T14:31:05.7200865Z ##[debug]Added matchers: 'tsc'. Problem matchers scan action output for known warning or error strings and report these inline.
2025-05-30T14:31:05.7202296Z ##[add-matcher]/home/runner/work/_actions/actions/setup-node/v4/.github/eslint-stylish.json
2025-05-30T14:31:05.7209114Z ##[debug]Added matchers: 'eslint-stylish'. Problem matchers scan action output for known warning or error strings and report these inline.
2025-05-30T14:31:05.7210643Z ##[add-matcher]/home/runner/work/_actions/actions/setup-node/v4/.github/eslint-compact.json
2025-05-30T14:31:05.7214316Z ##[debug]Added matchers: 'eslint-compact'. Problem matchers scan action output for known warning or error strings and report these inline.
2025-05-30T14:31:05.7259678Z ##[debug]Node Action run completed with exit code 0
2025-05-30T14:31:05.7261728Z ##[debug]Save intra-action state SETUP_NODE_CACHE_PACKAGE_MANAGER = npm
2025-05-30T14:31:05.7262387Z ##[debug]Save intra-action state CACHE_PATHS = ["/home/runner/.npm"]
2025-05-30T14:31:05.7263180Z ##[debug]Save intra-action state CACHE_KEY = node-cache-Linux-x64-npm-f218619d9afa6b064df9f241ae82b1840ce9e9973765f046580521460a117c14
2025-05-30T14:31:05.7264277Z ##[debug]Set output node-version = v18.20.8
2025-05-30T14:31:05.7264587Z ##[debug]Set output cache-hit = false
2025-05-30T14:31:05.7265070Z ##[debug]Finishing: Set up Node.js
2025-05-30T14:31:05.7271915Z ##[debug]Evaluating condition for step: 'Install Node.js dependencies'
2025-05-30T14:31:05.7273500Z ##[debug]Evaluating: success()
2025-05-30T14:31:05.7274241Z ##[debug]Evaluating success:
2025-05-30T14:31:05.7274716Z ##[debug]=> true
2025-05-30T14:31:05.7275069Z ##[debug]Result: true
2025-05-30T14:31:05.7275590Z ##[debug]Starting: Install Node.js dependencies
2025-05-30T14:31:05.7282662Z ##[debug]Loading inputs
2025-05-30T14:31:05.7283444Z ##[debug]Loading env
2025-05-30T14:31:05.7288062Z ##[group]Run npm ci
2025-05-30T14:31:05.7288278Z [36;1mnpm ci[0m
2025-05-30T14:31:05.7341122Z shell: /usr/bin/bash -e {0}
2025-05-30T14:31:05.7341354Z env:
2025-05-30T14:31:05.7341592Z   pythonLocation: /opt/hostedtoolcache/Python/3.9.22/x64
2025-05-30T14:31:05.7341994Z   PKG_CONFIG_PATH: /opt/hostedtoolcache/Python/3.9.22/x64/lib/pkgconfig
2025-05-30T14:31:05.7342378Z   Python_ROOT_DIR: /opt/hostedtoolcache/Python/3.9.22/x64
2025-05-30T14:31:05.7342751Z   Python2_ROOT_DIR: /opt/hostedtoolcache/Python/3.9.22/x64
2025-05-30T14:31:05.7343085Z   Python3_ROOT_DIR: /opt/hostedtoolcache/Python/3.9.22/x64
2025-05-30T14:31:05.7343425Z   LD_LIBRARY_PATH: /opt/hostedtoolcache/Python/3.9.22/x64/lib
2025-05-30T14:31:05.7343714Z ##[endgroup]
2025-05-30T14:31:05.7398031Z ##[debug]/usr/bin/bash -e /home/runner/work/_temp/2104a94d-41d5-4c3d-86bb-c1866934be19.sh
2025-05-30T14:31:10.2249497Z 
2025-05-30T14:31:10.2256663Z added 166 packages, and audited 167 packages in 4s
2025-05-30T14:31:10.2256959Z 
2025-05-30T14:31:10.2257130Z 36 packages are looking for funding
2025-05-30T14:31:10.2257474Z   run `npm fund` for details
2025-05-30T14:31:10.2328463Z 
2025-05-30T14:31:10.2328924Z 2 moderate severity vulnerabilities
2025-05-30T14:31:10.2329321Z 
2025-05-30T14:31:10.2329762Z To address all issues (including breaking changes), run:
2025-05-30T14:31:10.2330178Z   npm audit fix --force
2025-05-30T14:31:10.2330351Z 
2025-05-30T14:31:10.2330493Z Run `npm audit` for details.
2025-05-30T14:31:10.2494116Z ##[debug]Finishing: Install Node.js dependencies
2025-05-30T14:31:10.2501292Z ##[debug]Evaluating condition for step: 'Check documents directory'
2025-05-30T14:31:10.2502689Z ##[debug]Evaluating: success()
2025-05-30T14:31:10.2503020Z ##[debug]Evaluating success:
2025-05-30T14:31:10.2503531Z ##[debug]=> true
2025-05-30T14:31:10.2504169Z ##[debug]Result: true
2025-05-30T14:31:10.2504839Z ##[debug]Starting: Check documents directory
2025-05-30T14:31:10.2511529Z ##[debug]Loading inputs
2025-05-30T14:31:10.2512350Z ##[debug]Loading env
2025-05-30T14:31:10.2516282Z ##[group]Run echo "Checking documents directory..."
2025-05-30T14:31:10.2516641Z [36;1mecho "Checking documents directory..."[0m
2025-05-30T14:31:10.2517042Z [36;1mls -la documents/ || echo "Documents directory is empty or doesn't exist"[0m
2025-05-30T14:31:10.2517494Z [36;1mecho "Total PDF files: $(find documents/ -name "*.pdf" | wc -l)"[0m
2025-05-30T14:31:10.2570841Z shell: /usr/bin/bash -e {0}
2025-05-30T14:31:10.2571068Z env:
2025-05-30T14:31:10.2571349Z   pythonLocation: /opt/hostedtoolcache/Python/3.9.22/x64
2025-05-30T14:31:10.2571749Z   PKG_CONFIG_PATH: /opt/hostedtoolcache/Python/3.9.22/x64/lib/pkgconfig
2025-05-30T14:31:10.2572154Z   Python_ROOT_DIR: /opt/hostedtoolcache/Python/3.9.22/x64
2025-05-30T14:31:10.2572503Z   Python2_ROOT_DIR: /opt/hostedtoolcache/Python/3.9.22/x64
2025-05-30T14:31:10.2572842Z   Python3_ROOT_DIR: /opt/hostedtoolcache/Python/3.9.22/x64
2025-05-30T14:31:10.2573182Z   LD_LIBRARY_PATH: /opt/hostedtoolcache/Python/3.9.22/x64/lib
2025-05-30T14:31:10.2573474Z ##[endgroup]
2025-05-30T14:31:10.2625341Z ##[debug]/usr/bin/bash -e /home/runner/work/_temp/d687307e-6a47-4416-a158-09c93521dd72.sh
2025-05-30T14:31:10.2648464Z Checking documents directory...
2025-05-30T14:31:10.2666754Z total 135104
2025-05-30T14:31:10.2667299Z drwxr-xr-x  2 runner docker     4096 May 30 14:30 .
2025-05-30T14:31:10.2667971Z drwxr-xr-x 11 runner docker     4096 May 30 14:30 ..
2025-05-30T14:31:10.2668951Z -rw-r--r--  1 runner docker 11610635 May 30 14:30 100_Days_of_Machine_Learning_1570648747.pdf
2025-05-30T14:31:10.2670059Z -rw-r--r--  1 runner docker   963349 May 30 14:30 101_Ways_To_Motivate_Employees_1642610204.pdf
2025-05-30T14:31:10.2670682Z -rw-r--r--  1 runner docker   561924 May 30 14:30 10_Minutes_to_Pandas_1642524382.pdf
2025-05-30T14:31:10.2671419Z -rw-r--r--  1 runner docker   477646 May 30 14:30 11_different_Outlier_Detection_techniques_in_Python_1636885711.pdf
2025-05-30T14:31:10.2672179Z -rw-r--r--  1 runner docker   927152 May 30 14:30 14_Step_Goal_Setting_Guide__1643976398.pdf
2025-05-30T14:31:10.2672846Z -rw-r--r--  1 runner docker 24441936 May 30 14:30 2004_Book_AllOfStatistics.pdf
2025-05-30T14:31:10.2673562Z -rw-r--r--  1 runner docker  5877420 May 30 14:30 2021-ML-AI-Data-Landscape-V2.pdf
2025-05-30T14:31:10.2674859Z -rw-r--r--  1 runner docker  4463515 May 30 14:30 2021_Executive_Guide_to_Data_Science_and_AI_1640376794.pdf
2025-05-30T14:31:10.2676040Z -rw-r--r--  1 runner docker 10955009 May 30 14:30 2021_Strategic_Foresight_Report_1631122408.pdf
2025-05-30T14:31:10.2677022Z -rw-r--r--  1 runner docker   198398 May 30 14:30 239_Excel_Shortcuts_1641753896.pdf
2025-05-30T14:31:10.2677743Z -rw-r--r--  1 runner docker  4245303 May 30 14:30 50_Lessons_From_Today_s_Revenue_Leaders_1644154717.pdf
2025-05-30T14:31:10.2678374Z -rw-r--r--  1 runner docker   459090 May 30 14:30 50_Years_of_Data_Science_1629784379.pdf
2025-05-30T14:31:10.2679076Z -rw-r--r--  1 runner docker  4099851 May 30 14:30 5_Activation_functions_1601018507.pdf
2025-05-30T14:31:10.2679706Z -rw-r--r--  1 runner docker   157824 May 30 14:30 7_Steps_Machine_Learning_Problem_Formulation_1567264103.pdf
2025-05-30T14:31:10.2680360Z -rw-r--r--  1 runner docker   154723 May 30 14:30 AI_1610701369.pdf
2025-05-30T14:31:10.2680831Z -rw-r--r--  1 runner docker  1581279 May 30 14:30 AI_and_Cyber__1638654960.pdf
2025-05-30T14:31:10.2681323Z -rw-r--r--  1 runner docker 11187427 May 30 14:30 AI_and_Jobs_1582532357.pdf
2025-05-30T14:31:10.2681809Z -rw-r--r--  1 runner docker   973779 May 30 14:30 AI_applications_usecases.pdf
2025-05-30T14:31:10.2682779Z -rw-r--r--  1 runner docker  2880092 May 30 14:30 AI_for_Good_1633688461.pdf
2025-05-30T14:31:10.2683485Z -rw-r--r--  1 runner docker  2497590 May 30 14:30 A_Beginner_s_Guide_to_Getting_Your_First_Data_Science_Job__1630525428.pdf
2025-05-30T14:31:10.2684501Z -rw-r--r--  1 runner docker  6347523 May 30 14:30 A_Brief_Introduction_to_Neural_Networks_by_David_Kriesel_1639038946.pdf
2025-05-30T14:31:10.2685237Z -rw-r--r--  1 runner docker 20923692 May 30 14:30 A_Comprehensive_Guide_to_Machine_Learning__1578986100.pdf
2025-05-30T14:31:10.2685867Z -rw-r--r--  1 runner docker  1265255 May 30 14:30 A_Guide_for_Ethical_Data_Science_1640082762.pdf
2025-05-30T14:31:10.2686655Z -rw-r--r--  1 runner docker  2029548 May 30 14:30 A_Practical_Introduction_to_Python_Programming_1626852683.pdf
2025-05-30T14:31:10.2687389Z -rw-r--r--  1 runner docker   701942 May 30 14:30 A_Quick_Dive_into_Deep_Learning_fundamental_walkthrough__1638869506.pdf
2025-05-30T14:31:10.2688046Z -rw-r--r--  1 runner docker  1792268 May 30 14:30 A_Useful_Guide_to_SWOT_Analysis_1643964008.pdf
2025-05-30T14:31:10.2688816Z -rw-r--r--  1 runner docker  3061429 May 30 14:30 Advantages_and_Disadvantages_of_Decision_Trees_1640625849.pdf
2025-05-30T14:31:10.2689828Z -rw-r--r--  1 runner docker  6750629 May 30 14:30 _Implementing_Analytics_in_Your_Small_Business_� _1638720838.pdf
2025-05-30T14:31:10.2690807Z -rw-r--r--  1 runner docker  1802008 May 30 14:30 _India_National_Strategy_of_Blockchain👈_1638609142.pdf
2025-05-30T14:31:10.2691439Z -rw-r--r--  1 runner docker   237274 May 30 14:30 _Resources_for_Data_Scientists_1635850775.pdf
2025-05-30T14:31:10.2692295Z -rw-r--r--  1 runner docker  4009632 May 30 14:30 _Simply_Logical_Intelligent_Reasoning_by_Example_1634472303.pdf
2025-05-30T14:31:10.2692920Z -rw-r--r--  1 runner docker   635350 May 30 14:30 _What_Is_Accessibility_1643813920.pdf
2025-05-30T14:31:10.2693500Z -rw-r--r--  1 runner docker       11 May 30 14:30 readme.me
2025-05-30T14:31:10.2698398Z Total PDF files: 32
2025-05-30T14:31:10.2703561Z ##[debug]Finishing: Check documents directory
2025-05-30T14:31:10.2710049Z ##[debug]Evaluating condition for step: 'Process documents'
2025-05-30T14:31:10.2711403Z ##[debug]Evaluating: success()
2025-05-30T14:31:10.2711744Z ##[debug]Evaluating success:
2025-05-30T14:31:10.2712131Z ##[debug]=> true
2025-05-30T14:31:10.2712434Z ##[debug]Result: true
2025-05-30T14:31:10.2712930Z ##[debug]Starting: Process documents
2025-05-30T14:31:10.2719750Z ##[debug]Loading inputs
2025-05-30T14:31:10.2720587Z ##[debug]Loading env
2025-05-30T14:31:10.2724282Z ##[group]Run echo "Processing documents..."
2025-05-30T14:31:10.2724609Z [36;1mecho "Processing documents..."[0m
2025-05-30T14:31:10.2724895Z [36;1mpython scripts/fallback_processor.py[0m
2025-05-30T14:31:10.2725188Z [36;1mecho "Documents processed successfully"[0m
2025-05-30T14:31:10.2725440Z [36;1m[0m
2025-05-30T14:31:10.2725611Z [36;1m# Show results[0m
2025-05-30T14:31:10.2725974Z [36;1mecho "Generated documents.json contains $(jq length data/documents.json) documents"[0m
2025-05-30T14:31:10.2726401Z [36;1mls -la data/[0m
2025-05-30T14:31:10.2726670Z [36;1mls -la dist/data/ || echo "dist/data not created yet"[0m
2025-05-30T14:31:10.2776264Z shell: /usr/bin/bash -e {0}
2025-05-30T14:31:10.2776494Z env:
2025-05-30T14:31:10.2776744Z   pythonLocation: /opt/hostedtoolcache/Python/3.9.22/x64
2025-05-30T14:31:10.2777152Z   PKG_CONFIG_PATH: /opt/hostedtoolcache/Python/3.9.22/x64/lib/pkgconfig
2025-05-30T14:31:10.2777541Z   Python_ROOT_DIR: /opt/hostedtoolcache/Python/3.9.22/x64
2025-05-30T14:31:10.2777912Z   Python2_ROOT_DIR: /opt/hostedtoolcache/Python/3.9.22/x64
2025-05-30T14:31:10.2778258Z   Python3_ROOT_DIR: /opt/hostedtoolcache/Python/3.9.22/x64
2025-05-30T14:31:10.2778602Z   LD_LIBRARY_PATH: /opt/hostedtoolcache/Python/3.9.22/x64/lib
2025-05-30T14:31:10.2778881Z ##[endgroup]
2025-05-30T14:31:10.2832931Z ##[debug]/usr/bin/bash -e /home/runner/work/_temp/876f83c0-089b-41b8-a6d2-9a4d77787304.sh
2025-05-30T14:31:10.2858331Z Processing documents...
2025-05-30T14:31:10.5197605Z 2025-05-30 14:31:10,519 - INFO - Initialized fallback processor
2025-05-30T14:31:10.5198888Z 2025-05-30 14:31:10,519 - INFO - Documents directory: /home/runner/work/tech_documents/tech_documents/documents
2025-05-30T14:31:10.5200372Z 2025-05-30 14:31:10,519 - INFO - Data directory: /home/runner/work/tech_documents/tech_documents/data
2025-05-30T14:31:10.5201512Z 2025-05-30 14:31:10,519 - INFO - Starting document processing with fallback method...
2025-05-30T14:31:10.5203352Z 2025-05-30 14:31:10,520 - INFO - Found 32 PDF files
2025-05-30T14:31:10.5286427Z 2025-05-30 14:31:10,528 - INFO - Processing new file: 50_Lessons_From_Today_s_Revenue_Leaders_1644154717.pdf
2025-05-30T14:31:10.5287797Z 2025-05-30 14:31:10,528 - INFO - Processing document: 50_Lessons_From_Today_s_Revenue_Leaders_1644154717.pdf
2025-05-30T14:31:10.7040960Z 2025-05-30 14:31:10,703 - INFO - Processing new file: 2021_Strategic_Foresight_Report_1631122408.pdf
2025-05-30T14:31:10.7042814Z 2025-05-30 14:31:10,703 - INFO - Processing document: 2021_Strategic_Foresight_Report_1631122408.pdf
2025-05-30T14:31:10.7670531Z 2025-05-30 14:31:10,766 - INFO - Processing new file: _Resources_for_Data_Scientists_1635850775.pdf
2025-05-30T14:31:10.7671698Z 2025-05-30 14:31:10,766 - INFO - Processing document: _Resources_for_Data_Scientists_1635850775.pdf
2025-05-30T14:31:10.8383558Z 2025-05-30 14:31:10,838 - INFO - Processing new file: 11_different_Outlier_Detection_techniques_in_Python_1636885711.pdf
2025-05-30T14:31:10.8384943Z 2025-05-30 14:31:10,838 - INFO - Processing document: 11_different_Outlier_Detection_techniques_in_Python_1636885711.pdf
2025-05-30T14:31:10.8574851Z 2025-05-30 14:31:10,857 - INFO - Processing new file: A_Useful_Guide_to_SWOT_Analysis_1643964008.pdf
2025-05-30T14:31:10.8575894Z 2025-05-30 14:31:10,857 - INFO - Processing document: A_Useful_Guide_to_SWOT_Analysis_1643964008.pdf
2025-05-30T14:31:10.9012933Z 2025-05-30 14:31:10,901 - INFO - Processing new file: 2021_Executive_Guide_to_Data_Science_and_AI_1640376794.pdf
2025-05-30T14:31:10.9014552Z 2025-05-30 14:31:10,901 - INFO - Processing document: 2021_Executive_Guide_to_Data_Science_and_AI_1640376794.pdf
2025-05-30T14:31:10.9442262Z 2025-05-30 14:31:10,943 - INFO - Processing new file: _What_Is_Accessibility_1643813920.pdf
2025-05-30T14:31:10.9443464Z 2025-05-30 14:31:10,944 - INFO - Processing document: _What_Is_Accessibility_1643813920.pdf
2025-05-30T14:31:10.9507747Z 2025-05-30 14:31:10,950 - INFO - Processing new file: AI_for_Good_1633688461.pdf
2025-05-30T14:31:10.9508836Z 2025-05-30 14:31:10,950 - INFO - Processing document: AI_for_Good_1633688461.pdf
2025-05-30T14:31:11.0207694Z 2025-05-30 14:31:11,020 - INFO - Processing new file: 14_Step_Goal_Setting_Guide__1643976398.pdf
2025-05-30T14:31:11.0208928Z 2025-05-30 14:31:11,020 - INFO - Processing document: 14_Step_Goal_Setting_Guide__1643976398.pdf
2025-05-30T14:31:11.1164922Z 2025-05-30 14:31:11,116 - INFO - Processing new file: A_Guide_for_Ethical_Data_Science_1640082762.pdf
2025-05-30T14:31:11.1166270Z 2025-05-30 14:31:11,116 - INFO - Processing document: A_Guide_for_Ethical_Data_Science_1640082762.pdf
2025-05-30T14:31:11.9487703Z 2025-05-30 14:31:11,948 - INFO - Processing new file: 2004_Book_AllOfStatistics.pdf
2025-05-30T14:31:11.9488611Z 2025-05-30 14:31:11,948 - INFO - Processing document: 2004_Book_AllOfStatistics.pdf
2025-05-30T14:31:12.0247670Z 2025-05-30 14:31:12,024 - INFO - Processing new file: 101_Ways_To_Motivate_Employees_1642610204.pdf
2025-05-30T14:31:12.0249007Z 2025-05-30 14:31:12,024 - INFO - Processing document: 101_Ways_To_Motivate_Employees_1642610204.pdf
2025-05-30T14:31:12.0914530Z 2025-05-30 14:31:12,091 - INFO - Processing new file: 50_Years_of_Data_Science_1629784379.pdf
2025-05-30T14:31:12.0915742Z 2025-05-30 14:31:12,091 - INFO - Processing document: 50_Years_of_Data_Science_1629784379.pdf
2025-05-30T14:31:12.1382436Z 2025-05-30 14:31:12,137 - INFO - Processing new file: 5_Activation_functions_1601018507.pdf
2025-05-30T14:31:12.1383632Z 2025-05-30 14:31:12,137 - INFO - Processing document: 5_Activation_functions_1601018507.pdf
2025-05-30T14:31:12.1753418Z 2025-05-30 14:31:12,174 - INFO - Processing new file: A_Comprehensive_Guide_to_Machine_Learning__1578986100.pdf
2025-05-30T14:31:12.1755343Z 2025-05-30 14:31:12,175 - INFO - Processing document: A_Comprehensive_Guide_to_Machine_Learning__1578986100.pdf
2025-05-30T14:31:12.2747376Z 2025-05-30 14:31:12,274 - INFO - Processing new file: AI_applications_usecases.pdf
2025-05-30T14:31:12.2748341Z 2025-05-30 14:31:12,274 - INFO - Processing document: AI_applications_usecases.pdf
2025-05-30T14:31:12.2838274Z 2025-05-30 14:31:12,283 - INFO - Processing new file: _Simply_Logical_Intelligent_Reasoning_by_Example_1634472303.pdf
2025-05-30T14:31:12.2839501Z 2025-05-30 14:31:12,283 - INFO - Processing document: _Simply_Logical_Intelligent_Reasoning_by_Example_1634472303.pdf
2025-05-30T14:31:12.3638067Z 2025-05-30 14:31:12,363 - INFO - Processing new file: 239_Excel_Shortcuts_1641753896.pdf
2025-05-30T14:31:12.3639244Z 2025-05-30 14:31:12,363 - INFO - Processing document: 239_Excel_Shortcuts_1641753896.pdf
2025-05-30T14:31:12.3845546Z 2025-05-30 14:31:12,384 - INFO - Processing new file: _India_National_Strategy_of_Blockchain👈_1638609142.pdf
2025-05-30T14:31:12.3847316Z 2025-05-30 14:31:12,384 - INFO - Processing document: _India_National_Strategy_of_Blockchain👈_1638609142.pdf
2025-05-30T14:31:12.4092298Z 2025-05-30 14:31:12,408 - INFO - Processing new file: A_Quick_Dive_into_Deep_Learning_fundamental_walkthrough__1638869506.pdf
2025-05-30T14:31:12.4094239Z 2025-05-30 14:31:12,408 - INFO - Processing document: A_Quick_Dive_into_Deep_Learning_fundamental_walkthrough__1638869506.pdf
2025-05-30T14:31:12.4408172Z 2025-05-30 14:31:12,440 - INFO - Processing new file: 100_Days_of_Machine_Learning_1570648747.pdf
2025-05-30T14:31:12.4409432Z 2025-05-30 14:31:12,440 - INFO - Processing document: 100_Days_of_Machine_Learning_1570648747.pdf
2025-05-30T14:31:12.4577227Z 2025-05-30 14:31:12,457 - INFO - Processing new file: Advantages_and_Disadvantages_of_Decision_Trees_1640625849.pdf
2025-05-30T14:31:12.4579157Z 2025-05-30 14:31:12,457 - INFO - Processing document: Advantages_and_Disadvantages_of_Decision_Trees_1640625849.pdf
2025-05-30T14:31:12.5325249Z 2025-05-30 14:31:12,532 - INFO - Processing new file: _Implementing_Analytics_in_Your_Small_Business_� _1638720838.pdf
2025-05-30T14:31:12.5327316Z 2025-05-30 14:31:12,532 - INFO - Processing document: _Implementing_Analytics_in_Your_Small_Business_� _1638720838.pdf
2025-05-30T14:31:12.5612565Z 2025-05-30 14:31:12,560 - INFO - Processing new file: AI_and_Jobs_1582532357.pdf
2025-05-30T14:31:12.5613642Z 2025-05-30 14:31:12,561 - INFO - Processing document: AI_and_Jobs_1582532357.pdf
2025-05-30T14:31:12.5615621Z 2025-05-30 14:31:12,561 - WARNING - Failed to extract text from /home/runner/work/tech_documents/tech_documents/documents/AI_and_Jobs_1582532357.pdf: startxref not found
2025-05-30T14:31:12.5625090Z 2025-05-30 14:31:12,562 - INFO - Processing new file: 10_Minutes_to_Pandas_1642524382.pdf
2025-05-30T14:31:12.5626198Z 2025-05-30 14:31:12,562 - INFO - Processing document: 10_Minutes_to_Pandas_1642524382.pdf
2025-05-30T14:31:12.7239706Z 2025-05-30 14:31:12,723 - INFO - Processing new file: A_Brief_Introduction_to_Neural_Networks_by_David_Kriesel_1639038946.pdf
2025-05-30T14:31:12.7241147Z 2025-05-30 14:31:12,723 - INFO - Processing document: A_Brief_Introduction_to_Neural_Networks_by_David_Kriesel_1639038946.pdf
2025-05-30T14:31:12.7666330Z 2025-05-30 14:31:12,766 - INFO - Processing new file: A_Practical_Introduction_to_Python_Programming_1626852683.pdf
2025-05-30T14:31:12.7667697Z 2025-05-30 14:31:12,766 - INFO - Processing document: A_Practical_Introduction_to_Python_Programming_1626852683.pdf
2025-05-30T14:31:12.8157711Z 2025-05-30 14:31:12,815 - INFO - Processing new file: 2021-ML-AI-Data-Landscape-V2.pdf
2025-05-30T14:31:12.8159203Z 2025-05-30 14:31:12,815 - INFO - Processing document: 2021-ML-AI-Data-Landscape-V2.pdf
2025-05-30T14:31:14.8255553Z 2025-05-30 14:31:14,825 - INFO - Processing new file: A_Beginner_s_Guide_to_Getting_Your_First_Data_Science_Job__1630525428.pdf
2025-05-30T14:31:14.8256666Z 2025-05-30 14:31:14,825 - INFO - Processing document: A_Beginner_s_Guide_to_Getting_Your_First_Data_Science_Job__1630525428.pdf
2025-05-30T14:31:14.8696060Z 2025-05-30 14:31:14,869 - INFO - Processing new file: AI_and_Cyber__1638654960.pdf
2025-05-30T14:31:14.8696939Z 2025-05-30 14:31:14,869 - INFO - Processing document: AI_and_Cyber__1638654960.pdf
2025-05-30T14:31:14.9098386Z 2025-05-30 14:31:14,909 - INFO - Processing new file: 7_Steps_Machine_Learning_Problem_Formulation_1567264103.pdf
2025-05-30T14:31:14.9240693Z 2025-05-30 14:31:14,909 - INFO - Processing document: 7_Steps_Machine_Learning_Problem_Formulation_1567264103.pdf
2025-05-30T14:31:14.9241646Z 2025-05-30 14:31:14,923 - INFO - Processing new file: AI_1610701369.pdf
2025-05-30T14:31:15.0188861Z 2025-05-30 14:31:14,923 - INFO - Processing document: AI_1610701369.pdf
2025-05-30T14:31:15.0190539Z 2025-05-30 14:31:15,018 - INFO - Removing deleted file: C:\Users\lonar\Downloads\tech_documents\tech_documents\documents\100_Days_of_Machine_Learning_1570648747.pdf
2025-05-30T14:31:15.0192663Z 2025-05-30 14:31:15,018 - INFO - Removing deleted file: C:\Users\lonar\Downloads\tech_documents\tech_documents\documents\101_Ways_To_Motivate_Employees_1642610204.pdf
2025-05-30T14:31:15.0194888Z 2025-05-30 14:31:15,018 - INFO - Removing deleted file: C:\Users\lonar\Downloads\tech_documents\tech_documents\documents\10_Minutes_to_Pandas_1642524382.pdf
2025-05-30T14:31:15.0197112Z 2025-05-30 14:31:15,018 - INFO - Removing deleted file: C:\Users\lonar\Downloads\tech_documents\tech_documents\documents\11_different_Outlier_Detection_techniques_in_Python_1636885711.pdf
2025-05-30T14:31:15.0199712Z 2025-05-30 14:31:15,018 - INFO - Removing deleted file: C:\Users\lonar\Downloads\tech_documents\tech_documents\documents\14_Step_Goal_Setting_Guide__1643976398.pdf
2025-05-30T14:31:15.0201700Z 2025-05-30 14:31:15,019 - INFO - Removing deleted file: C:\Users\lonar\Downloads\tech_documents\tech_documents\documents\2004_Book_AllOfStatistics.pdf
2025-05-30T14:31:15.0205386Z 2025-05-30 14:31:15,019 - INFO - Removing deleted file: C:\Users\lonar\Downloads\tech_documents\tech_documents\documents\2021-ML-AI-Data-Landscape-V2.pdf
2025-05-30T14:31:15.0207451Z 2025-05-30 14:31:15,019 - INFO - Removing deleted file: C:\Users\lonar\Downloads\tech_documents\tech_documents\documents\2021_Executive_Guide_to_Data_Science_and_AI_1640376794.pdf
2025-05-30T14:31:15.0209524Z 2025-05-30 14:31:15,019 - INFO - Removing deleted file: C:\Users\lonar\Downloads\tech_documents\tech_documents\documents\2021_Strategic_Foresight_Report_1631122408.pdf
2025-05-30T14:31:15.0211419Z 2025-05-30 14:31:15,019 - INFO - Removing deleted file: C:\Users\lonar\Downloads\tech_documents\tech_documents\documents\239_Excel_Shortcuts_1641753896.pdf
2025-05-30T14:31:15.0213369Z 2025-05-30 14:31:15,019 - INFO - Removing deleted file: C:\Users\lonar\Downloads\tech_documents\tech_documents\documents\50_Lessons_From_Today_s_Revenue_Leaders_1644154717.pdf
2025-05-30T14:31:15.0215482Z 2025-05-30 14:31:15,019 - INFO - Removing deleted file: C:\Users\lonar\Downloads\tech_documents\tech_documents\documents\50_Years_of_Data_Science_1629784379.pdf
2025-05-30T14:31:15.0216719Z 2025-05-30 14:31:15,019 - INFO - Removing deleted file: C:\Users\lonar\Downloads\tech_documents\tech_documents\documents\5_Activation_functions_1601018507.pdf
2025-05-30T14:31:15.0217824Z 2025-05-30 14:31:15,019 - INFO - Removing deleted file: C:\Users\lonar\Downloads\tech_documents\tech_documents\documents\7_Steps_Machine_Learning_Problem_Formulation_1567264103.pdf
2025-05-30T14:31:15.0219029Z 2025-05-30 14:31:15,019 - INFO - Removing deleted file: C:\Users\lonar\Downloads\tech_documents\tech_documents\documents\Advantages_and_Disadvantages_of_Decision_Trees_1640625849.pdf
2025-05-30T14:31:15.0220035Z 2025-05-30 14:31:15,019 - INFO - Removing deleted file: C:\Users\lonar\Downloads\tech_documents\tech_documents\documents\AI_1610701369.pdf
2025-05-30T14:31:15.0220957Z 2025-05-30 14:31:15,019 - INFO - Removing deleted file: C:\Users\lonar\Downloads\tech_documents\tech_documents\documents\AI_and_Cyber__1638654960.pdf
2025-05-30T14:31:15.0221877Z 2025-05-30 14:31:15,019 - INFO - Removing deleted file: C:\Users\lonar\Downloads\tech_documents\tech_documents\documents\AI_and_Jobs_1582532357.pdf
2025-05-30T14:31:15.0222804Z 2025-05-30 14:31:15,019 - INFO - Removing deleted file: C:\Users\lonar\Downloads\tech_documents\tech_documents\documents\AI_applications_usecases.pdf
2025-05-30T14:31:15.0223731Z 2025-05-30 14:31:15,020 - INFO - Removing deleted file: C:\Users\lonar\Downloads\tech_documents\tech_documents\documents\AI_for_Good_1633688461.pdf
2025-05-30T14:31:15.0224972Z 2025-05-30 14:31:15,020 - INFO - Removing deleted file: C:\Users\lonar\Downloads\tech_documents\tech_documents\documents\A_Beginner_s_Guide_to_Getting_Your_First_Data_Science_Job__1630525428.pdf
2025-05-30T14:31:15.0226196Z 2025-05-30 14:31:15,020 - INFO - Removing deleted file: C:\Users\lonar\Downloads\tech_documents\tech_documents\documents\A_Brief_Introduction_to_Neural_Networks_by_David_Kriesel_1639038946.pdf
2025-05-30T14:31:15.0227366Z 2025-05-30 14:31:15,020 - INFO - Removing deleted file: C:\Users\lonar\Downloads\tech_documents\tech_documents\documents\A_Comprehensive_Guide_to_Machine_Learning__1578986100.pdf
2025-05-30T14:31:15.0228445Z 2025-05-30 14:31:15,020 - INFO - Removing deleted file: C:\Users\lonar\Downloads\tech_documents\tech_documents\documents\A_Guide_for_Ethical_Data_Science_1640082762.pdf
2025-05-30T14:31:15.0229556Z 2025-05-30 14:31:15,020 - INFO - Removing deleted file: C:\Users\lonar\Downloads\tech_documents\tech_documents\documents\A_Practical_Introduction_to_Python_Programming_1626852683.pdf
2025-05-30T14:31:15.0230920Z 2025-05-30 14:31:15,020 - INFO - Removing deleted file: C:\Users\lonar\Downloads\tech_documents\tech_documents\documents\A_Quick_Dive_into_Deep_Learning_fundamental_walkthrough__1638869506.pdf
2025-05-30T14:31:15.0232390Z 2025-05-30 14:31:15,020 - INFO - Removing deleted file: C:\Users\lonar\Downloads\tech_documents\tech_documents\documents\A_Useful_Guide_to_SWOT_Analysis_1643964008.pdf
2025-05-30T14:31:15.0234002Z 2025-05-30 14:31:15,020 - INFO - Removing deleted file: C:\Users\lonar\Downloads\tech_documents\tech_documents\documents\_Implementing_Analytics_in_Your_Small_Business_� _1638720838.pdf
2025-05-30T14:31:15.0235794Z 2025-05-30 14:31:15,020 - INFO - Removing deleted file: C:\Users\lonar\Downloads\tech_documents\tech_documents\documents\_India_National_Strategy_of_Blockchain👈_1638609142.pdf
2025-05-30T14:31:15.0236933Z 2025-05-30 14:31:15,020 - INFO - Removing deleted file: C:\Users\lonar\Downloads\tech_documents\tech_documents\documents\_Resources_for_Data_Scientists_1635850775.pdf
2025-05-30T14:31:15.0238078Z 2025-05-30 14:31:15,020 - INFO - Removing deleted file: C:\Users\lonar\Downloads\tech_documents\tech_documents\documents\_Simply_Logical_Intelligent_Reasoning_by_Example_1634472303.pdf
2025-05-30T14:31:15.0239183Z 2025-05-30 14:31:15,020 - INFO - Removing deleted file: C:\Users\lonar\Downloads\tech_documents\tech_documents\documents\_What_Is_Accessibility_1643813920.pdf
2025-05-30T14:31:15.0239885Z 2025-05-30 14:31:15,023 - INFO - Updated documents.json with 32 documents
2025-05-30T14:31:15.0240370Z 2025-05-30 14:31:15,023 - INFO - Documents database updated successfully
2025-05-30T14:31:15.0240842Z 2025-05-30 14:31:15,023 - INFO - Document processing completed successfully
2025-05-30T14:31:15.0437050Z Documents processed successfully
2025-05-30T14:31:15.0793700Z Generated documents.json contains 32 documents
2025-05-30T14:31:15.0808484Z total 44
2025-05-30T14:31:15.0809047Z drwxr-xr-x  2 runner docker  4096 May 30 14:30 .
2025-05-30T14:31:15.0809535Z drwxr-xr-x 11 runner docker  4096 May 30 14:30 ..
2025-05-30T14:31:15.0810170Z -rw-r--r--  1 runner docker 23857 May 30 14:31 documents.json
2025-05-30T14:31:15.0810876Z -rw-r--r--  1 runner docker  4712 May 30 14:31 processed_files.json
2025-05-30T14:31:15.0811521Z -rw-r--r--  1 runner docker     4 May 30 14:30 readme.me
2025-05-30T14:31:15.0822604Z total 32
2025-05-30T14:31:15.0823049Z drwxr-xr-x 2 runner docker  4096 May 30 14:30 .
2025-05-30T14:31:15.0823584Z drwxr-xr-x 3 runner docker  4096 May 30 14:30 ..
2025-05-30T14:31:15.0824303Z -rw-r--r-- 1 runner docker 23857 May 30 14:31 documents.json
2025-05-30T14:31:15.0830336Z ##[debug]Finishing: Process documents
2025-05-30T14:31:15.0837258Z ##[debug]Evaluating condition for step: 'Build website'
2025-05-30T14:31:15.0838825Z ##[debug]Evaluating: success()
2025-05-30T14:31:15.0839162Z ##[debug]Evaluating success:
2025-05-30T14:31:15.0839522Z ##[debug]=> true
2025-05-30T14:31:15.0839854Z ##[debug]Result: true
2025-05-30T14:31:15.0840356Z ##[debug]Starting: Build website
2025-05-30T14:31:15.0847458Z ##[debug]Loading inputs
2025-05-30T14:31:15.0848192Z ##[debug]Loading env
2025-05-30T14:31:15.0851537Z ##[group]Run echo "Building website..."
2025-05-30T14:31:15.0851822Z [36;1mecho "Building website..."[0m
2025-05-30T14:31:15.0852064Z [36;1mnpm run build[0m
2025-05-30T14:31:15.0852294Z [36;1mecho "Website built successfully"[0m
2025-05-30T14:31:15.0852543Z [36;1m[0m
2025-05-30T14:31:15.0852716Z [36;1m# Verify build[0m
2025-05-30T14:31:15.0852917Z [36;1mls -la dist/[0m
2025-05-30T14:31:15.0853272Z [36;1mecho "Final documents.json contains $(jq length dist/data/documents.json) documents"[0m
2025-05-30T14:31:15.0905858Z shell: /usr/bin/bash -e {0}
2025-05-30T14:31:15.0906081Z env:
2025-05-30T14:31:15.0906327Z   pythonLocation: /opt/hostedtoolcache/Python/3.9.22/x64
2025-05-30T14:31:15.0906740Z   PKG_CONFIG_PATH: /opt/hostedtoolcache/Python/3.9.22/x64/lib/pkgconfig
2025-05-30T14:31:15.0907299Z   Python_ROOT_DIR: /opt/hostedtoolcache/Python/3.9.22/x64
2025-05-30T14:31:15.0907640Z   Python2_ROOT_DIR: /opt/hostedtoolcache/Python/3.9.22/x64
2025-05-30T14:31:15.0907994Z   Python3_ROOT_DIR: /opt/hostedtoolcache/Python/3.9.22/x64
2025-05-30T14:31:15.0908335Z   LD_LIBRARY_PATH: /opt/hostedtoolcache/Python/3.9.22/x64/lib
2025-05-30T14:31:15.0908623Z ##[endgroup]
2025-05-30T14:31:15.0958302Z ##[debug]/usr/bin/bash -e /home/runner/work/_temp/a798318e-77eb-42ee-83f9-3a00fe4d2ab2.sh
2025-05-30T14:31:15.0978760Z Building website...
2025-05-30T14:31:15.2267887Z 
2025-05-30T14:31:15.2268381Z > ai-document-library@1.0.0 build
2025-05-30T14:31:15.2268971Z > python scripts/fallback_processor.py && vite build
2025-05-30T14:31:15.2269226Z 
2025-05-30T14:31:15.3068229Z 2025-05-30 14:31:15,306 - INFO - Initialized fallback processor
2025-05-30T14:31:15.3069460Z 2025-05-30 14:31:15,306 - INFO - Documents directory: /home/runner/work/tech_documents/tech_documents/documents
2025-05-30T14:31:15.3070513Z 2025-05-30 14:31:15,306 - INFO - Data directory: /home/runner/work/tech_documents/tech_documents/data
2025-05-30T14:31:15.3071295Z 2025-05-30 14:31:15,306 - INFO - Starting document processing with fallback method...
2025-05-30T14:31:15.3077770Z 2025-05-30 14:31:15,307 - INFO - Found 32 PDF files
2025-05-30T14:31:15.5354832Z 2025-05-30 14:31:15,535 - INFO - No changes detected
2025-05-30T14:31:15.5355626Z 2025-05-30 14:31:15,535 - INFO - No documents were processed
2025-05-30T14:31:16.1721041Z [36mvite v4.5.14 [32mbuilding for production...[36m[39m
2025-05-30T14:31:16.2213748Z transforming...
2025-05-30T14:31:16.2401130Z [32m✓[39m 2 modules transformed.
2025-05-30T14:31:16.2544881Z rendering chunks...
2025-05-30T14:31:16.2590517Z computing gzip size...
2025-05-30T14:31:16.2614372Z [2mdist/[22m[32mindex.html  [39m[1m[2m18.32 kB[22m[1m[22m[2m │ gzip: 4.10 kB[22m
2025-05-30T14:31:16.2616684Z [32m✓ built in 89ms[39m
2025-05-30T14:31:16.2762797Z Website built successfully
2025-05-30T14:31:16.2781055Z total 28
2025-05-30T14:31:16.2781653Z drwxr-xr-x  2 runner docker  4096 May 30 14:31 .
2025-05-30T14:31:16.2782393Z drwxr-xr-x 11 runner docker  4096 May 30 14:30 ..
2025-05-30T14:31:16.2783009Z -rw-r--r--  1 runner docker 18353 May 30 14:31 index.html
2025-05-30T14:31:16.2809061Z jq: error: Could not open file dist/data/documents.json: No such file or directory
2025-05-30T14:31:16.2811516Z Final documents.json contains  documents
2025-05-30T14:31:16.2818735Z ##[debug]Finishing: Build website
2025-05-30T14:31:16.2829123Z ##[debug]Evaluating condition for step: 'Commit updated files'
2025-05-30T14:31:16.2833310Z ##[debug]Evaluating: (success() && (github.event_name == 'push'))
2025-05-30T14:31:16.2833825Z ##[debug]Evaluating And:
2025-05-30T14:31:16.2834739Z ##[debug]..Evaluating success:
2025-05-30T14:31:16.2835141Z ##[debug]..=> true
2025-05-30T14:31:16.2835464Z ##[debug]..Evaluating Equal:
2025-05-30T14:31:16.2835772Z ##[debug]....Evaluating Index:
2025-05-30T14:31:16.2836088Z ##[debug]......Evaluating github:
2025-05-30T14:31:16.2836410Z ##[debug]......=> Object
2025-05-30T14:31:16.2836722Z ##[debug]......Evaluating String:
2025-05-30T14:31:16.2837077Z ##[debug]......=> 'event_name'
2025-05-30T14:31:16.2837425Z ##[debug]....=> 'push'
2025-05-30T14:31:16.2837733Z ##[debug]....Evaluating String:
2025-05-30T14:31:16.2838008Z ##[debug]....=> 'push'
2025-05-30T14:31:16.2838270Z ##[debug]..=> true
2025-05-30T14:31:16.2838515Z ##[debug]=> true
2025-05-30T14:31:16.2839004Z ##[debug]Expanded: (true && ('push' == 'push'))
2025-05-30T14:31:16.2839388Z ##[debug]Result: true
2025-05-30T14:31:16.2839901Z ##[debug]Starting: Commit updated files
2025-05-30T14:31:16.2848583Z ##[debug]Loading inputs
2025-05-30T14:31:16.2849560Z ##[debug]Loading env
2025-05-30T14:31:16.2868706Z ##[group]Run git config --local user.email "action@github.com"
2025-05-30T14:31:16.2869114Z [36;1mgit config --local user.email "action@github.com"[0m
2025-05-30T14:31:16.2869444Z [36;1mgit config --local user.name "GitHub Action"[0m
2025-05-30T14:31:16.2869921Z [36;1m[0m
2025-05-30T14:31:16.2870097Z [36;1m# Add generated files[0m
2025-05-30T14:31:16.2870462Z [36;1mgit add data/documents.json data/processed_files.json dist/data/documents.json[0m
2025-05-30T14:31:16.2870845Z [36;1m[0m
2025-05-30T14:31:16.2871041Z [36;1m# Check if there are changes to commit[0m
2025-05-30T14:31:16.2871325Z [36;1mif git diff --staged --quiet; then[0m
2025-05-30T14:31:16.2871583Z [36;1m  echo "No changes to commit"[0m
2025-05-30T14:31:16.2871809Z [36;1melse[0m
2025-05-30T14:31:16.2872035Z [36;1m  echo "Committing updated document database..."[0m
2025-05-30T14:31:16.2872396Z [36;1m  git commit -m "Auto-update documents database [skip ci]"[0m
2025-05-30T14:31:16.2872707Z [36;1m  git push[0m
2025-05-30T14:31:16.2872891Z [36;1mfi[0m
2025-05-30T14:31:16.2925826Z shell: /usr/bin/bash -e {0}
2025-05-30T14:31:16.2926053Z env:
2025-05-30T14:31:16.2926301Z   pythonLocation: /opt/hostedtoolcache/Python/3.9.22/x64
2025-05-30T14:31:16.2926708Z   PKG_CONFIG_PATH: /opt/hostedtoolcache/Python/3.9.22/x64/lib/pkgconfig
2025-05-30T14:31:16.2927094Z   Python_ROOT_DIR: /opt/hostedtoolcache/Python/3.9.22/x64
2025-05-30T14:31:16.2927448Z   Python2_ROOT_DIR: /opt/hostedtoolcache/Python/3.9.22/x64
2025-05-30T14:31:16.2927786Z   Python3_ROOT_DIR: /opt/hostedtoolcache/Python/3.9.22/x64
2025-05-30T14:31:16.2928129Z   LD_LIBRARY_PATH: /opt/hostedtoolcache/Python/3.9.22/x64/lib
2025-05-30T14:31:16.2928411Z ##[endgroup]
2025-05-30T14:31:16.2983666Z ##[debug]/usr/bin/bash -e /home/runner/work/_temp/7b12f398-7e73-43a8-87f2-6c9339a208c8.sh
2025-05-30T14:31:16.4427061Z Committing updated document database...
2025-05-30T14:31:16.6116080Z [main db53a33] Auto-update documents database [skip ci]
2025-05-30T14:31:16.6116613Z  3 files changed, 620 insertions(+), 34 deletions(-)
2025-05-30T14:31:16.6117005Z  delete mode 100644 dist/data/documents.json
2025-05-30T14:31:16.9591810Z To https://github.com/lonardonifabio/tech_documents
2025-05-30T14:31:16.9592293Z  ! [rejected]        main -> main (non-fast-forward)
2025-05-30T14:31:16.9592814Z error: failed to push some refs to 'https://github.com/lonardonifabio/tech_documents'
2025-05-30T14:31:16.9621620Z hint: Updates were rejected because the tip of your current branch is behind
2025-05-30T14:31:16.9622237Z hint: its remote counterpart. If you want to integrate the remote changes,
2025-05-30T14:31:16.9622675Z hint: use 'git pull' before pushing again.
2025-05-30T14:31:16.9623523Z hint: See the 'Note about fast-forwards' in 'git push --help' for details.
2025-05-30T14:31:16.9636624Z ##[error]Process completed with exit code 1.
2025-05-30T14:31:16.9648150Z ##[debug]Finishing: Commit updated files
2025-05-30T14:31:16.9664164Z ##[debug]Evaluating condition for step: 'Setup Pages'
2025-05-30T14:31:16.9666340Z ##[debug]Evaluating: (success() && ((github.ref == 'refs/heads/main') || (github.ref == 'refs/heads/master')))
2025-05-30T14:31:16.9666932Z ##[debug]Evaluating And:
2025-05-30T14:31:16.9667270Z ##[debug]..Evaluating success:
2025-05-30T14:31:16.9667635Z ##[debug]..=> false
2025-05-30T14:31:16.9667912Z ##[debug]=> false
2025-05-30T14:31:16.9669205Z ##[debug]Expanded: (false && ((github['ref'] == 'refs/heads/main') || (github['ref'] == 'refs/heads/master')))
2025-05-30T14:31:16.9669717Z ##[debug]Result: false
2025-05-30T14:31:16.9674383Z ##[debug]Evaluating condition for step: 'Upload artifact'
2025-05-30T14:31:16.9675800Z ##[debug]Evaluating: (success() && ((github.ref == 'refs/heads/main') || (github.ref == 'refs/heads/master')))
2025-05-30T14:31:16.9676303Z ##[debug]Evaluating And:
2025-05-30T14:31:16.9676610Z ##[debug]..Evaluating success:
2025-05-30T14:31:16.9676935Z ##[debug]..=> false
2025-05-30T14:31:16.9677210Z ##[debug]=> false
2025-05-30T14:31:16.9677902Z ##[debug]Expanded: (false && ((github['ref'] == 'refs/heads/main') || (github['ref'] == 'refs/heads/master')))
2025-05-30T14:31:16.9678403Z ##[debug]Result: false
2025-05-30T14:31:16.9682359Z ##[debug]Evaluating condition for step: 'Deploy to GitHub Pages'
2025-05-30T14:31:16.9684047Z ##[debug]Evaluating: (success() && ((github.ref == 'refs/heads/main') || (github.ref == 'refs/heads/master')))
2025-05-30T14:31:16.9684556Z ##[debug]Evaluating And:
2025-05-30T14:31:16.9684863Z ##[debug]..Evaluating success:
2025-05-30T14:31:16.9685199Z ##[debug]..=> false
2025-05-30T14:31:16.9685463Z ##[debug]=> false
2025-05-30T14:31:16.9686153Z ##[debug]Expanded: (false && ((github['ref'] == 'refs/heads/main') || (github['ref'] == 'refs/heads/master')))
2025-05-30T14:31:16.9686640Z ##[debug]Result: false
2025-05-30T14:31:16.9694129Z ##[debug]Evaluating condition for step: 'Post Set up Node.js'
2025-05-30T14:31:16.9695023Z ##[debug]Evaluating: success()
2025-05-30T14:31:16.9695343Z ##[debug]Evaluating success:
2025-05-30T14:31:16.9695653Z ##[debug]=> false
2025-05-30T14:31:16.9695954Z ##[debug]Result: false
2025-05-30T14:31:16.9699853Z ##[debug]Evaluating condition for step: 'Post Set up Python'
2025-05-30T14:31:16.9700682Z ##[debug]Evaluating: success()
2025-05-30T14:31:16.9701007Z ##[debug]Evaluating success:
2025-05-30T14:31:16.9701315Z ##[debug]=> false
2025-05-30T14:31:16.9701622Z ##[debug]Result: false
2025-05-30T14:31:16.9705696Z ##[debug]Evaluating condition for step: 'Post Checkout repository'
2025-05-30T14:31:16.9707256Z ##[debug]Evaluating: always()
2025-05-30T14:31:16.9707583Z ##[debug]Evaluating always:
2025-05-30T14:31:16.9708267Z ##[debug]=> true
2025-05-30T14:31:16.9708648Z ##[debug]Result: true
2025-05-30T14:31:16.9709114Z ##[debug]Starting: Post Checkout repository
2025-05-30T14:31:16.9732471Z ##[debug]Loading inputs
2025-05-30T14:31:16.9733344Z ##[debug]Evaluating: secrets.REP
2025-05-30T14:31:16.9733625Z ##[debug]Evaluating Index:
2025-05-30T14:31:16.9734190Z ##[debug]..Evaluating secrets:
2025-05-30T14:31:16.9734446Z ##[debug]..=> Object
2025-05-30T14:31:16.9734666Z ##[debug]..Evaluating String:
2025-05-30T14:31:16.9734892Z ##[debug]..=> 'REP'
2025-05-30T14:31:16.9735357Z ##[debug]=> '***'
2025-05-30T14:31:16.9735674Z ##[debug]Result: '***'
2025-05-30T14:31:16.9736270Z ##[debug]Evaluating: github.repository
2025-05-30T14:31:16.9736534Z ##[debug]Evaluating Index:
2025-05-30T14:31:16.9736775Z ##[debug]..Evaluating github:
2025-05-30T14:31:16.9737001Z ##[debug]..=> Object
2025-05-30T14:31:16.9737204Z ##[debug]..Evaluating String:
2025-05-30T14:31:16.9737430Z ##[debug]..=> 'repository'
2025-05-30T14:31:16.9737682Z ##[debug]=> 'lonardonifabio/tech_documents'
2025-05-30T14:31:16.9737976Z ##[debug]Result: 'lonardonifabio/tech_documents'
2025-05-30T14:31:16.9744995Z ##[debug]Loading env
2025-05-30T14:31:16.9748341Z Post job cleanup.
2025-05-30T14:31:17.0662306Z ##[debug]Getting git version
2025-05-30T14:31:17.0677305Z [command]/usr/bin/git version
2025-05-30T14:31:17.0714263Z git version 2.49.0
2025-05-30T14:31:17.0736626Z ##[debug]0
2025-05-30T14:31:17.0737063Z ##[debug]git version 2.49.0
2025-05-30T14:31:17.0737299Z ##[debug]
2025-05-30T14:31:17.0738418Z ##[debug]Set git useragent to: git/2.49.0 (github-actions-checkout)
2025-05-30T14:31:17.0741725Z ::add-mask::***
2025-05-30T14:31:17.0756468Z Temporarily overriding HOME='/home/runner/work/_temp/c1040cef-a13e-40f7-8ead-aab6ad33e514' before making global git config changes
2025-05-30T14:31:17.0757549Z Adding repository directory to the temporary git global config as a safe directory
2025-05-30T14:31:17.0762259Z [command]/usr/bin/git config --global --add safe.directory /home/runner/work/tech_documents/tech_documents
2025-05-30T14:31:17.0795794Z ##[debug]0
2025-05-30T14:31:17.0796190Z ##[debug]
2025-05-30T14:31:17.0803270Z [command]/usr/bin/git config --local --name-only --get-regexp core\.sshCommand
2025-05-30T14:31:17.0829137Z ##[debug]1
2025-05-30T14:31:17.0829537Z ##[debug]
2025-05-30T14:31:17.0835503Z [command]/usr/bin/git submodule foreach --recursive sh -c "git config --local --name-only --get-regexp 'core\.sshCommand' && git config --local --unset-all 'core.sshCommand' || :"
2025-05-30T14:31:17.1061833Z ##[debug]0
2025-05-30T14:31:17.1062326Z ##[debug]
2025-05-30T14:31:17.1069128Z [command]/usr/bin/git config --local --name-only --get-regexp http\.https\:\/\/github\.com\/\.extraheader
2025-05-30T14:31:17.1090623Z http.https://github.com/.extraheader
2025-05-30T14:31:17.1097486Z ##[debug]0
2025-05-30T14:31:17.1098160Z ##[debug]http.https://github.com/.extraheader
2025-05-30T14:31:17.1098633Z ##[debug]
2025-05-30T14:31:17.1104366Z [command]/usr/bin/git config --local --unset-all http.https://github.com/.extraheader
2025-05-30T14:31:17.1129652Z ##[debug]0
2025-05-30T14:31:17.1130211Z ##[debug]
2025-05-30T14:31:17.1136514Z [command]/usr/bin/git submodule foreach --recursive sh -c "git config --local --name-only --get-regexp 'http\.https\:\/\/github\.com\/\.extraheader' && git config --local --unset-all 'http.https://github.com/.extraheader' || :"
2025-05-30T14:31:17.1364210Z ##[debug]0
2025-05-30T14:31:17.1364692Z ##[debug]
2025-05-30T14:31:17.1365250Z ##[debug]Unsetting HOME override
2025-05-30T14:31:17.1431256Z ##[debug]Node Action run completed with exit code 0
2025-05-30T14:31:17.1433458Z ##[debug]Finishing: Post Checkout repository
2025-05-30T14:31:17.1471340Z ##[debug]Starting: Complete job
2025-05-30T14:31:17.1472890Z Uploading runner diagnostic logs
2025-05-30T14:31:17.1484421Z ##[debug]Starting diagnostic file upload.
2025-05-30T14:31:17.1484734Z ##[debug]Setting up diagnostic log folders.
2025-05-30T14:31:17.1486373Z ##[debug]Creating diagnostic log files folder.
2025-05-30T14:31:17.1494074Z ##[debug]Copying 1 worker diagnostic logs.
2025-05-30T14:31:17.1502485Z ##[debug]Copying 1 runner diagnostic logs.
2025-05-30T14:31:17.1503516Z ##[debug]Zipping diagnostic files.
2025-05-30T14:31:17.1586012Z ##[debug]Uploading diagnostic metadata file.
2025-05-30T14:31:17.1613413Z ##[debug]Diagnostic file upload complete.
2025-05-30T14:31:17.1614097Z Completed runner diagnostic log upload
2025-05-30T14:31:17.1614355Z Cleaning up orphan processes
2025-05-30T14:31:17.1833010Z ##[debug]Finishing: Complete job
2025-05-30T14:31:17.1861879Z ##[debug]Finishing: build-and-deploy
